
 /----------------------------------------------------------------------------\
 |  yosys -- Yosys Open SYnthesis Suite                                       |
 |  Copyright (C) 2012 - 2026  Claire Xenia Wolf <claire@yosyshq.com>         |
 |  Distributed under an ISC-like license, type "license" to see terms        |
 \----------------------------------------------------------------------------/
 Yosys 0.69 (git sha1 9f75ca1f9, Release, GNU /usr/bin/c++ 13.3.0)

-- Executing script file `equiv.ys' --

1. Executing RTLIL frontend.
Input filename: /home/ihsan/.cc/worktrees/ece298a/pll/blocks/pll/digital/log/mutate/database/design.il

2. Executing HIERARCHY pass (managing design hierarchy).

2.1. Analyzing design hierarchy..
Top module:  \pll_lock_det

2.2. Analyzing design hierarchy..
Top module:  \pll_lock_det
Removing unused module `\pll_prescaler'.
Removing unused module `\pll_pfd'.
Removing unused module `\pll_divider'.
Removing unused module `\pll_ctrl_regs'.
Removing unused module `\ihsan_sa_pll'.
Removed 5 unused modules.

3. Executing FLATTEN pass (flatten design).
Renaming module pll_lock_det to ref.

4. Executing HIERARCHY pass (managing design hierarchy).

4.1. Analyzing design hierarchy..
Top module:  \ref

4.2. Analyzing design hierarchy..
Top module:  \ref
Removed 0 unused modules.

5. Executing MEMORY_MAP pass (converting memories to logic and flip-flops).

6. Executing JSON backend.

7. Executing RTLIL backend.
Output filename: ref.il

8. Executing ASYNC2SYNC pass.
Replacing ref.$procdff$76 ($adff): ARST=\rst_n, D=$eq$/home/ihsan/.cc/worktrees/ece298a/pll/blocks/pll/digital/rtl/pll_lock_det.v:34$25_Y, Q=\lock
Replacing ref.$procdff$81 ($adff): ARST=\rst_n, D=$ternary$/home/ihsan/.cc/worktrees/ece298a/pll/blocks/pll/digital/rtl/pll_lock_det.v:21$19_Y, Q=\lock_cnt
Replacing ref.$procdff$86 ($adff): ARST=\rst_n, D=$or$/home/ihsan/.cc/worktrees/ece298a/pll/blocks/pll/digital/rtl/pll_lock_det.v:26$22_Y, Q=\wide_q

9. Executing RTLIL frontend.
Input filename: /home/ihsan/.cc/worktrees/ece298a/pll/blocks/pll/digital/log/mutate/database/design.il

10. Executing HIERARCHY pass (managing design hierarchy).

10.1. Analyzing design hierarchy..
Top module:  \pll_lock_det

10.2. Analyzing design hierarchy..
Top module:  \pll_lock_det
Removing unused module `\pll_prescaler'.
Removing unused module `\pll_pfd'.
Removing unused module `\pll_divider'.
Removing unused module `\pll_ctrl_regs'.
Removing unused module `\ihsan_sa_pll'.
Removed 5 unused modules.

11. Executing MUTATE pass.
Add input constant 0 at pll_lock_det.$ternary$/home/ihsan/.cc/worktrees/ece298a/pll/blocks/pll/digital/rtl/pll_lock_det.v:22$18.B[0].

12. Executing FLATTEN pass (flatten design).
Renaming module pll_lock_det to uut.

13. Executing HIERARCHY pass (managing design hierarchy).

13.1. Analyzing design hierarchy..
Top module:  \uut

13.2. Analyzing design hierarchy..
Top module:  \uut
Removed 0 unused modules.

14. Executing MEMORY_MAP pass (converting memories to logic and flip-flops).

15. Executing JSON backend.

16. Executing RTLIL backend.
Output filename: uut.il

17. Executing ASYNC2SYNC pass.
Replacing uut.$procdff$76 ($adff): ARST=\rst_n, D=$eq$/home/ihsan/.cc/worktrees/ece298a/pll/blocks/pll/digital/rtl/pll_lock_det.v:34$25_Y, Q=\lock
Replacing uut.$procdff$81 ($adff): ARST=\rst_n, D=$ternary$/home/ihsan/.cc/worktrees/ece298a/pll/blocks/pll/digital/rtl/pll_lock_det.v:21$19_Y, Q=\lock_cnt
Replacing uut.$procdff$86 ($adff): ARST=\rst_n, D=$or$/home/ihsan/.cc/worktrees/ece298a/pll/blocks/pll/digital/rtl/pll_lock_det.v:26$22_Y, Q=\wide_q

18. Executing MITER pass (creating miter circuit).
Creating miter cell "miter" with gold cell "ref" and gate cell "uut".

18.1. Executing FLATTEN pass (flatten design).
<suppressed ~2 debug messages>

18.2. Executing OPT_EXPR pass (perform const folding).
Optimizing module miter.
Removed 10 unused cells and 24 unused wires.

19. Executing HIERARCHY pass (managing design hierarchy).

19.1. Analyzing design hierarchy..
Top module:  \miter

19.2. Analyzing design hierarchy..
Top module:  \miter
Removing unused module `\ref'.
Removing unused module `\uut'.
Removed 2 unused modules.
Module miter directly or indirectly contains formal properties -> setting "keep" attribute.

20. Executing SAT pass (solving SAT problems in the circuit).
Using SAT solver `minisat`.

Setting up time step 1:
Final constraint equation: { } = { }
Imported 29 cells to SAT database.
Final init constraint equation: { $flatten\gold.$auto$async2sync.cc:253:execute$116 $flatten\gold.$auto$async2sync.cc:253:execute$114 $flatten\gold.$auto$async2sync.cc:253:execute$112 $flatten\gate.$auto$async2sync.cc:253:execute$122 $flatten\gate.$auto$async2sync.cc:253:execute$120 $flatten\gate.$auto$async2sync.cc:253:execute$118 } = 14'00000000000000
Import proof for assert: $auto$miter.cc:241:create_miter_equiv$125 when 1'1.

Setting up time step 2:
Final constraint equation: { } = { }
Imported 29 cells to SAT database.
Import proof for assert: $auto$miter.cc:241:create_miter_equiv$125 when 1'1.

Setting up time step 3:
Final constraint equation: { } = { }
Imported 29 cells to SAT database.
Import proof for assert: $auto$miter.cc:241:create_miter_equiv$125 when 1'1.

Setting up time step 4:
Final constraint equation: { } = { }
Imported 29 cells to SAT database.
Import proof for assert: $auto$miter.cc:241:create_miter_equiv$125 when 1'1.

Setting up time step 5:
Final constraint equation: { } = { }
Imported 29 cells to SAT database.
Import proof for assert: $auto$miter.cc:241:create_miter_equiv$125 when 1'1.

Setting up time step 6:
Final constraint equation: { } = { }
Imported 29 cells to SAT database.
Import proof for assert: $auto$miter.cc:241:create_miter_equiv$125 when 1'1.

Setting up time step 7:
Final constraint equation: { } = { }
Imported 29 cells to SAT database.
Import proof for assert: $auto$miter.cc:241:create_miter_equiv$125 when 1'1.

Setting up time step 8:
Final constraint equation: { } = { }
Imported 29 cells to SAT database.
Import proof for assert: $auto$miter.cc:241:create_miter_equiv$125 when 1'1.

Solving problem with 3609 variables and 9806 clauses..
SAT proof finished - no model found: SUCCESS!

                  /$$$$$$      /$$$$$$$$     /$$$$$$$    
                 /$$__  $$    | $$_____/    | $$__  $$   
                | $$  \ $$    | $$          | $$  \ $$   
                | $$  | $$    | $$$$$       | $$  | $$   
                | $$  | $$    | $$__/       | $$  | $$   
                | $$/$$ $$    | $$          | $$  | $$   
                |  $$$$$$/ /$$| $$$$$$$$ /$$| $$$$$$$//$$
                 \____ $$$|__/|________/|__/|_______/|__/
                       \__/                              

CHECK_MUTATE_BASE_CASE_HELD

21. Executing SAT pass (solving SAT problems in the circuit).
Using SAT solver `minisat`.

Setting up time step 1:
Final constraint equation: { } = { }
Imported 29 cells to SAT database.
Import proof for assert: $auto$miter.cc:241:create_miter_equiv$125 when 1'1.

** Trying induction with length 1 **

Setting up time step 1:
Final constraint equation: { } = { }
Imported 29 cells to SAT database.
Final init constraint equation: { $flatten\gold.$auto$async2sync.cc:253:execute$116 $flatten\gold.$auto$async2sync.cc:253:execute$114 $flatten\gold.$auto$async2sync.cc:253:execute$112 $flatten\gate.$auto$async2sync.cc:253:execute$122 $flatten\gate.$auto$async2sync.cc:253:execute$120 $flatten\gate.$auto$async2sync.cc:253:execute$118 } = 14'00000000000000
Import proof for assert: $auto$miter.cc:241:create_miter_equiv$125 when 1'1.

[base case 1] Solving problem with 416 variables and 1116 clauses..
Base case for induction length 1 proven.

Setting up time step 2:
Final constraint equation: { } = { }
Imported 29 cells to SAT database.
Import proof for assert: $auto$miter.cc:241:create_miter_equiv$125 when 1'1.

[induction step 1] Solving problem with 844 variables and 2259 clauses..
Induction step failed. Incrementing induction length.

  Time Signal Name                                                    Dec       Hex           Bin
  ---- ------------------------------------------------------ ----------- --------- -------------
  init $flatten\gate.$auto$async2sync.cc:253:execute$118                0         0             0
  init $flatten\gate.$auto$async2sync.cc:253:execute$120               16        10         10000
  init $flatten\gate.$auto$async2sync.cc:253:execute$122                0         0             0
  init $flatten\gold.$auto$async2sync.cc:253:execute$112                0         0             0
  init $flatten\gold.$auto$async2sync.cc:253:execute$114                1         1         00001
  init $flatten\gold.$auto$async2sync.cc:253:execute$116                1         1             1

** Trying induction with length 2 **

Setting up time step 2:
Final constraint equation: { } = { }
Imported 29 cells to SAT database.
Import proof for assert: $auto$miter.cc:241:create_miter_equiv$125 when 1'1.

[base case 2] Solving problem with 915 variables and 2499 clauses..
Base case for induction length 2 proven.

Setting up time step 3:
Final constraint equation: { } = { }
Imported 29 cells to SAT database.
Import proof for assert: $auto$miter.cc:241:create_miter_equiv$125 when 1'1.

[induction step 2] Solving problem with 1386 variables and 3784 clauses..
Induction step failed. Incrementing induction length.

  Time Signal Name                                                    Dec       Hex           Bin
  ---- ------------------------------------------------------ ----------- --------- -------------
  init $flatten\gate.$auto$async2sync.cc:253:execute$118                0         0             0
  init $flatten\gate.$auto$async2sync.cc:253:execute$120               16        10         10000
  init $flatten\gate.$auto$async2sync.cc:253:execute$122                1         1             1
  init $flatten\gold.$auto$async2sync.cc:253:execute$112                0         0             0
  init $flatten\gold.$auto$async2sync.cc:253:execute$114               14         e         01110
  init $flatten\gold.$auto$async2sync.cc:253:execute$116                0         0             0

** Trying induction with length 3 **

Setting up time step 3:
Final constraint equation: { } = { }
Imported 29 cells to SAT database.
Import proof for assert: $auto$miter.cc:241:create_miter_equiv$125 when 1'1.

[base case 3] Solving problem with 1457 variables and 4024 clauses..
Base case for induction length 3 proven.

Setting up time step 4:
Final constraint equation: { } = { }
Imported 29 cells to SAT database.
Import proof for assert: $auto$miter.cc:241:create_miter_equiv$125 when 1'1.

[induction step 3] Solving problem with 1971 variables and 5451 clauses..
Induction step failed. Incrementing induction length.

  Time Signal Name                                                    Dec       Hex           Bin
  ---- ------------------------------------------------------ ----------- --------- -------------
  init $flatten\gate.$auto$async2sync.cc:253:execute$118                1         1             1
  init $flatten\gate.$auto$async2sync.cc:253:execute$120               16        10         10000
  init $flatten\gate.$auto$async2sync.cc:253:execute$122                1         1             1
  init $flatten\gold.$auto$async2sync.cc:253:execute$112                1         1             1
  init $flatten\gold.$auto$async2sync.cc:253:execute$114               13         d         01101
  init $flatten\gold.$auto$async2sync.cc:253:execute$116                0         0             0

** Trying induction with length 4 **

Setting up time step 4:
Final constraint equation: { } = { }
Imported 29 cells to SAT database.
Import proof for assert: $auto$miter.cc:241:create_miter_equiv$125 when 1'1.

[base case 4] Solving problem with 2042 variables and 5691 clauses..
Base case for induction length 4 proven.

Setting up time step 5:
Final constraint equation: { } = { }
Imported 29 cells to SAT database.
Import proof for assert: $auto$miter.cc:241:create_miter_equiv$125 when 1'1.

[induction step 4] Solving problem with 2599 variables and 7260 clauses..
Induction step failed. Incrementing induction length.

  Time Signal Name                                                    Dec       Hex           Bin
  ---- ------------------------------------------------------ ----------- --------- -------------
  init $flatten\gate.$auto$async2sync.cc:253:execute$118                1         1             1
  init $flatten\gate.$auto$async2sync.cc:253:execute$120               16        10         10000
  init $flatten\gate.$auto$async2sync.cc:253:execute$122                1         1             1
  init $flatten\gold.$auto$async2sync.cc:253:execute$112                1         1             1
  init $flatten\gold.$auto$async2sync.cc:253:execute$114               12         c         01100
  init $flatten\gold.$auto$async2sync.cc:253:execute$116                0         0             0

** Trying induction with length 5 **

Setting up time step 5:
Final constraint equation: { } = { }
Imported 29 cells to SAT database.
Import proof for assert: $auto$miter.cc:241:create_miter_equiv$125 when 1'1.

[base case 5] Solving problem with 2670 variables and 7500 clauses..
Base case for induction length 5 proven.

Setting up time step 6:
Final constraint equation: { } = { }
Imported 29 cells to SAT database.
Import proof for assert: $auto$miter.cc:241:create_miter_equiv$125 when 1'1.

[induction step 5] Solving problem with 3270 variables and 9211 clauses..
Induction step failed. Incrementing induction length.

  Time Signal Name                                                    Dec       Hex           Bin
  ---- ------------------------------------------------------ ----------- --------- -------------
  init $flatten\gate.$auto$async2sync.cc:253:execute$118                1         1             1
  init $flatten\gate.$auto$async2sync.cc:253:execute$120               16        10         10000
  init $flatten\gate.$auto$async2sync.cc:253:execute$122                1         1             1
  init $flatten\gold.$auto$async2sync.cc:253:execute$112                1         1             1
  init $flatten\gold.$auto$async2sync.cc:253:execute$114               11         b         01011
  init $flatten\gold.$auto$async2sync.cc:253:execute$116                0         0             0

** Trying induction with length 6 **

Setting up time step 6:
Final constraint equation: { } = { }
Imported 29 cells to SAT database.
Import proof for assert: $auto$miter.cc:241:create_miter_equiv$125 when 1'1.

[base case 6] Solving problem with 3341 variables and 9451 clauses..
Base case for induction length 6 proven.

Setting up time step 7:
Final constraint equation: { } = { }
Imported 29 cells to SAT database.
Import proof for assert: $auto$miter.cc:241:create_miter_equiv$125 when 1'1.

[induction step 6] Solving problem with 3984 variables and 11304 clauses..
Induction step failed. Incrementing induction length.

  Time Signal Name                                                    Dec       Hex           Bin
  ---- ------------------------------------------------------ ----------- --------- -------------
  init $flatten\gate.$auto$async2sync.cc:253:execute$118                1         1             1
  init $flatten\gate.$auto$async2sync.cc:253:execute$120               16        10         10000
  init $flatten\gate.$auto$async2sync.cc:253:execute$122                1         1             1
  init $flatten\gold.$auto$async2sync.cc:253:execute$112                1         1             1
  init $flatten\gold.$auto$async2sync.cc:253:execute$114               10         a         01010
  init $flatten\gold.$auto$async2sync.cc:253:execute$116                0         0             0

** Trying induction with length 7 **

Setting up time step 7:
Final constraint equation: { } = { }
Imported 29 cells to SAT database.
Import proof for assert: $auto$miter.cc:241:create_miter_equiv$125 when 1'1.

[base case 7] Solving problem with 4055 variables and 11544 clauses..
Base case for induction length 7 proven.

Setting up time step 8:
Final constraint equation: { } = { }
Imported 29 cells to SAT database.
Import proof for assert: $auto$miter.cc:241:create_miter_equiv$125 when 1'1.

[induction step 7] Solving problem with 4741 variables and 13539 clauses..
Induction step failed. Incrementing induction length.

  Time Signal Name                                                    Dec       Hex           Bin
  ---- ------------------------------------------------------ ----------- --------- -------------
  init $flatten\gate.$auto$async2sync.cc:253:execute$118                0         0             0
  init $flatten\gate.$auto$async2sync.cc:253:execute$120                9         9         01001
  init $flatten\gate.$auto$async2sync.cc:253:execute$122                0         0             0
  init $flatten\gold.$auto$async2sync.cc:253:execute$112                0         0             0
  init $flatten\gold.$auto$async2sync.cc:253:execute$114               25        19         11001
  init $flatten\gold.$auto$async2sync.cc:253:execute$116                0         0             0

** Trying induction with length 8 **

Setting up time step 8:
Final constraint equation: { } = { }
Imported 29 cells to SAT database.
Import proof for assert: $auto$miter.cc:241:create_miter_equiv$125 when 1'1.

[base case 8] Solving problem with 4812 variables and 13779 clauses..
Base case for induction length 8 proven.

Setting up time step 9:
Final constraint equation: { } = { }
Imported 29 cells to SAT database.
Import proof for assert: $auto$miter.cc:241:create_miter_equiv$125 when 1'1.

[induction step 8] Solving problem with 5541 variables and 15916 clauses..
Induction step failed. Incrementing induction length.

  Time Signal Name                                                    Dec       Hex           Bin
  ---- ------------------------------------------------------ ----------- --------- -------------
  init $flatten\gate.$auto$async2sync.cc:253:execute$118                1         1             1
  init $flatten\gate.$auto$async2sync.cc:253:execute$120               21        15         10101
  init $flatten\gate.$auto$async2sync.cc:253:execute$122                0         0             0
  init $flatten\gold.$auto$async2sync.cc:253:execute$112                1         1             1
  init $flatten\gold.$auto$async2sync.cc:253:execute$114                8         8         01000
  init $flatten\gold.$auto$async2sync.cc:253:execute$116                0         0             0

Reached maximum number of time steps -> proof failed.

   ______                   ___       ___       _ _            _ _ 
  (_____ \                 / __)     / __)     (_) |          | | |
   _____) )___ ___   ___ _| |__    _| |__ _____ _| | _____  __| | |
  |  ____/ ___) _ \ / _ (_   __)  (_   __|____ | | || ___ |/ _  |_|
  | |   | |  | |_| | |_| || |       | |  / ___ | | || ____( (_| |_ 
  |_|   |_|   \___/ \___/ |_|       |_|  \_____|_|\_)_____)\____|_|


ERROR: Called with -verify and proof did fail!
