
 /----------------------------------------------------------------------------\
 |  yosys -- Yosys Open SYnthesis Suite                                       |
 |  Copyright (C) 2012 - 2026  Claire Xenia Wolf <claire@yosyshq.com>         |
 |  Distributed under an ISC-like license, type "license" to see terms        |
 \----------------------------------------------------------------------------/
 Yosys 0.69 (git sha1 9f75ca1f9, Release, GNU /usr/bin/c++ 13.3.0)

-- Executing script file `design_prep.ys' --

1. Executing RTLIL frontend.
Input filename: design.il

2. Executing SCC pass (detecting logic loops).
Found 0 SCCs in module ihsan_sa_pll_formal.
Found 0 SCCs.

3. Executing SIMPLEMAP pass (map simple cells to gate primitives).

4. Executing MEMORY_NORDFF pass (extracting $dff cells from memories).

5. Executing CLK2FFLOGIC pass (convert clocked FFs to generic $ff cells).

5.1. Executing PEEPOPT pass (run peephole optimizers).
Replacing ihsan_sa_pll_formal.$flatten\dut.\u_ctrl.$procdff$352 ($adff): CLK=\dut.u_ctrl.clk, D=\dut.u_ctrl.pll_en_in, Q=\dut.u_ctrl.pll_en
Replacing ihsan_sa_pll_formal.$flatten\dut.\u_ctrl.$procdff$357 ($adff): CLK=\dut.u_ctrl.clk, D=\dut.u_ctrl.cp_trim_in [0], Q=\dut.u_ctrl.cp_trim0
Replacing ihsan_sa_pll_formal.$flatten\dut.\u_ctrl.$procdff$362 ($adff): CLK=\dut.u_ctrl.clk, D=\dut.u_ctrl.cp_trim_in [1], Q=\dut.u_ctrl.cp_trim1
Replacing ihsan_sa_pll_formal.$flatten\dut.\u_div.$procdff$321 ($adff): CLK=\dut.u_div.clk_pre, D=\dut.u_div.last, Q=\dut.u_div.fb_en
Replacing ihsan_sa_pll_formal.$flatten\dut.\u_div.$procdff$326 ($adff): CLK=\dut.u_div.clk_pre, D=$flatten\dut.\u_div.$0\div_cnt[2:0], Q=\dut.u_div.div_cnt
Replacing ihsan_sa_pll_formal.$flatten\dut.\u_lock.$procdff$337 ($adff): CLK=\dut.u_lock.clk, D=$flatten\dut.\u_lock.$0\lock[0:0], Q=\dut.u_lock.lock
Replacing ihsan_sa_pll_formal.$flatten\dut.\u_lock.$procdff$342 ($adff): CLK=\dut.u_lock.clk, D=\dut.u_lock.cnt_nxt, Q=\dut.u_lock.lock_cnt
Replacing ihsan_sa_pll_formal.$flatten\dut.\u_lock.$procdff$347 ($adff): CLK=\dut.u_lock.clk, D=$flatten\dut.\u_lock.$0\wide_q[0:0], Q=\dut.u_lock.wide_q
Replacing ihsan_sa_pll_formal.$flatten\dut.\u_pfd.$procdff$329 ($adff): CLK=\dut.u_pfd.clk_fb, D=1'1, Q=\dut.u_pfd.pfd_fb_q
Replacing ihsan_sa_pll_formal.$flatten\dut.\u_pfd.$procdff$332 ($adff): CLK=\dut.u_pfd.clk, D=1'1, Q=\dut.u_pfd.pfd_ref_q
Replacing ihsan_sa_pll_formal.$flatten\dut.\u_pre.$procdff$301 ($adff): CLK=\dut.u_pre.pre_q2, D=$flatten\dut.\u_pre.$0\q3[0:0], Q=\dut.u_pre.q3
Replacing ihsan_sa_pll_formal.$flatten\dut.\u_pre.$procdff$306 ($adff): CLK=\dut.u_pre.pre_q1, D=$flatten\dut.\u_pre.$0\pre_q2[0:0], Q=\dut.u_pre.pre_q2
Replacing ihsan_sa_pll_formal.$flatten\dut.\u_pre.$procdff$311 ($adff): CLK=\dut.u_pre.pre_q0, D=$flatten\dut.\u_pre.$0\pre_q1[0:0], Q=\dut.u_pre.pre_q1
Replacing ihsan_sa_pll_formal.$flatten\dut.\u_pre.$procdff$316 ($adff): CLK=\dut.u_pre.vco_out, D=$flatten\dut.\u_pre.$0\pre_q0[0:0], Q=\dut.u_pre.pre_q0
Replacing ihsan_sa_pll_formal.dut.u_pfd.pfd_fb_q$async_cut_reg ($dff): CLK=\dut.u_pfd.clk_fb, D=\dut.u_pfd.pfd_clr, Q=\dut.u_pfd.pfd_fb_q$async_cut
Replacing ihsan_sa_pll_formal.dut.u_pfd.pfd_ref_q$async_cut_reg ($dff): CLK=\dut.u_pfd.clk, D=\dut.u_pfd.pfd_clr, Q=\dut.u_pfd.pfd_ref_q$async_cut

6. Executing OPT_CLEAN pass (remove unused cells and wires).
Finding unused cells or wires in module \ihsan_sa_pll_formal..
Removed 16 unused cells and 32 unused wires.
<suppressed ~17 debug messages>

7. Executing FORMALFF pass.

8. Executing OPT_CLEAN pass (remove unused cells and wires).
Finding unused cells or wires in module \ihsan_sa_pll_formal..

9. Executing CHECK pass (checking for obvious problems).
Checking module ihsan_sa_pll_formal...
Found and reported 0 problems.

10. Executing SETUNDEF pass (replace undef values with defined constants).

11. Executing OPT pass (performing simple optimizations).

11.1. Executing OPT_EXPR pass (perform const folding).
Optimizing module ihsan_sa_pll_formal.
<suppressed ~12 debug messages>

11.2. Executing OPT_MERGE pass (detect identical cells).
Finding identical cells in module `\ihsan_sa_pll_formal'.
Computing hashes of 332 cells of `\ihsan_sa_pll_formal'.
Finding duplicate cells in `\ihsan_sa_pll_formal'.
Computing hashes of 305 cells of `\ihsan_sa_pll_formal'.
Finding duplicate cells in `\ihsan_sa_pll_formal'.
Computing hashes of 285 cells of `\ihsan_sa_pll_formal'.
Finding duplicate cells in `\ihsan_sa_pll_formal'.
<suppressed ~141 debug messages>
Removed a total of 47 cells.

11.3. Executing OPT_DFF pass (perform DFF optimizations).

11.4. Executing OPT_CLEAN pass (remove unused cells and wires).
Finding unused cells or wires in module \ihsan_sa_pll_formal..
Removed 0 unused cells and 47 unused wires.
<suppressed ~1 debug messages>

11.5. Finished fast OPT passes.

12. Executing OPT_CLEAN pass (remove unused cells and wires).
Finding unused cells or wires in module \ihsan_sa_pll_formal..
Removed 0 unused cells and 8 unused wires.
<suppressed ~1 debug messages>

13. Executing RTLIL backend.
Output filename: ../model/design_prep.il

End of script. Logfile hash: 2952977f60, time: 0.04s, user: 0.04s, system: 0.02s, MEM: 29.19 MB peak
Yosys 0.69 (git sha1 9f75ca1f9, Release, GNU /usr/bin/c++ 13.3.0)
Time spent: 43% 4x opt_clean (0 sec), 9% 2x read_rtlil (0 sec), ...
