
 /----------------------------------------------------------------------------\
 |  yosys -- Yosys Open SYnthesis Suite                                       |
 |  Copyright (C) 2012 - 2026  Claire Xenia Wolf <claire@yosyshq.com>         |
 |  Distributed under an ISC-like license, type "license" to see terms        |
 \----------------------------------------------------------------------------/
 Yosys 0.69 (git sha1 9f75ca1f9, Release, GNU /usr/bin/c++ 13.3.0)

-- Executing script file `database/design.ys' --

1. Executing Verilog-2005 frontend: /home/ihsan/.cc/worktrees/ece298a/pll/blocks/pll/digital/rtl/ihsan_sa_pll.v
Parsing SystemVerilog input from `/home/ihsan/.cc/worktrees/ece298a/pll/blocks/pll/digital/rtl/ihsan_sa_pll.v' to AST representation.
Generating RTLIL representation for module `\ihsan_sa_pll'.
Successfully finished Verilog frontend.

2. Executing Verilog-2005 frontend: /home/ihsan/.cc/worktrees/ece298a/pll/blocks/pll/digital/rtl/pll_ctrl_regs.v
Parsing SystemVerilog input from `/home/ihsan/.cc/worktrees/ece298a/pll/blocks/pll/digital/rtl/pll_ctrl_regs.v' to AST representation.
Generating RTLIL representation for module `\pll_ctrl_regs'.
Successfully finished Verilog frontend.

3. Executing Verilog-2005 frontend: /home/ihsan/.cc/worktrees/ece298a/pll/blocks/pll/digital/rtl/pll_divider.v
Parsing SystemVerilog input from `/home/ihsan/.cc/worktrees/ece298a/pll/blocks/pll/digital/rtl/pll_divider.v' to AST representation.
Generating RTLIL representation for module `\pll_divider'.
Successfully finished Verilog frontend.

4. Executing Verilog-2005 frontend: /home/ihsan/.cc/worktrees/ece298a/pll/blocks/pll/digital/rtl/pll_lock_det.v
Parsing SystemVerilog input from `/home/ihsan/.cc/worktrees/ece298a/pll/blocks/pll/digital/rtl/pll_lock_det.v' to AST representation.
Generating RTLIL representation for module `\pll_lock_det'.
Successfully finished Verilog frontend.

5. Executing Verilog-2005 frontend: /home/ihsan/.cc/worktrees/ece298a/pll/blocks/pll/digital/rtl/pll_pfd.v
Parsing SystemVerilog input from `/home/ihsan/.cc/worktrees/ece298a/pll/blocks/pll/digital/rtl/pll_pfd.v' to AST representation.
Generating RTLIL representation for module `\pll_pfd'.
Successfully finished Verilog frontend.

6. Executing Verilog-2005 frontend: /home/ihsan/.cc/worktrees/ece298a/pll/blocks/pll/digital/rtl/pll_prescaler.v
Parsing SystemVerilog input from `/home/ihsan/.cc/worktrees/ece298a/pll/blocks/pll/digital/rtl/pll_prescaler.v' to AST representation.
Generating RTLIL representation for module `\pll_prescaler'.
Successfully finished Verilog frontend.

7. Executing HIERARCHY pass (managing design hierarchy).

7.1. Analyzing design hierarchy..
Top module:  \ihsan_sa_pll
Used module:     \pll_ctrl_regs
Used module:     \pll_lock_det
Used module:     \pll_pfd
Used module:     \pll_divider
Used module:     \pll_prescaler

7.2. Analyzing design hierarchy..
Top module:  \ihsan_sa_pll
Used module:     \pll_ctrl_regs
Used module:     \pll_lock_det
Used module:     \pll_pfd
Used module:     \pll_divider
Used module:     \pll_prescaler
Removed 0 unused modules.

8. Executing PROC pass (convert processes to netlists).

8.1. Executing PROC_CLEAN pass (remove empty switches from decision trees).
Cleaned up 0 empty switches.

8.2. Executing PROC_RMDEAD pass (remove dead branches from decision trees).
Marked 1 switch rules as full_case in process $proc$/home/ihsan/.cc/worktrees/ece298a/pll/blocks/pll/digital/rtl/pll_prescaler.v:25$40 in module pll_prescaler.
Marked 1 switch rules as full_case in process $proc$/home/ihsan/.cc/worktrees/ece298a/pll/blocks/pll/digital/rtl/pll_prescaler.v:21$37 in module pll_prescaler.
Marked 1 switch rules as full_case in process $proc$/home/ihsan/.cc/worktrees/ece298a/pll/blocks/pll/digital/rtl/pll_prescaler.v:17$34 in module pll_prescaler.
Marked 1 switch rules as full_case in process $proc$/home/ihsan/.cc/worktrees/ece298a/pll/blocks/pll/digital/rtl/pll_prescaler.v:13$31 in module pll_prescaler.
Marked 1 switch rules as full_case in process $proc$/home/ihsan/.cc/worktrees/ece298a/pll/blocks/pll/digital/rtl/pll_pfd.v:33$30 in module pll_pfd.
Marked 1 switch rules as full_case in process $proc$/home/ihsan/.cc/worktrees/ece298a/pll/blocks/pll/digital/rtl/pll_pfd.v:29$29 in module pll_pfd.
Marked 1 switch rules as full_case in process $proc$/home/ihsan/.cc/worktrees/ece298a/pll/blocks/pll/digital/rtl/pll_lock_det.v:28$23 in module pll_lock_det.
Marked 1 switch rules as full_case in process $proc$/home/ihsan/.cc/worktrees/ece298a/pll/blocks/pll/digital/rtl/pll_lock_det.v:24$20 in module pll_lock_det.
Marked 1 switch rules as full_case in process $proc$/home/ihsan/.cc/worktrees/ece298a/pll/blocks/pll/digital/rtl/pll_divider.v:27$13 in module pll_divider.
Marked 2 switch rules as full_case in process $proc$/home/ihsan/.cc/worktrees/ece298a/pll/blocks/pll/digital/rtl/pll_divider.v:22$10 in module pll_divider.
Marked 1 switch rules as full_case in process $proc$/home/ihsan/.cc/worktrees/ece298a/pll/blocks/pll/digital/rtl/pll_ctrl_regs.v:12$2 in module pll_ctrl_regs.
Removed a total of 0 dead cases.

8.3. Executing PROC_PRUNE pass (remove redundant assignments in processes).
Removed 14 redundant assignments.
Promoted 0 assignments to connections.

8.4. Executing PROC_INIT pass (extract init attributes).

8.5. Executing PROC_ARST pass (detect async resets in processes).
Found async reset \rst_n in `\pll_prescaler.$proc$/home/ihsan/.cc/worktrees/ece298a/pll/blocks/pll/digital/rtl/pll_prescaler.v:25$40'.
Found async reset \rst_n in `\pll_prescaler.$proc$/home/ihsan/.cc/worktrees/ece298a/pll/blocks/pll/digital/rtl/pll_prescaler.v:21$37'.
Found async reset \rst_n in `\pll_prescaler.$proc$/home/ihsan/.cc/worktrees/ece298a/pll/blocks/pll/digital/rtl/pll_prescaler.v:17$34'.
Found async reset \rst_n in `\pll_prescaler.$proc$/home/ihsan/.cc/worktrees/ece298a/pll/blocks/pll/digital/rtl/pll_prescaler.v:13$31'.
Found async reset \pfd_clr in `\pll_pfd.$proc$/home/ihsan/.cc/worktrees/ece298a/pll/blocks/pll/digital/rtl/pll_pfd.v:33$30'.
Found async reset \pfd_clr in `\pll_pfd.$proc$/home/ihsan/.cc/worktrees/ece298a/pll/blocks/pll/digital/rtl/pll_pfd.v:29$29'.
Found async reset \rst_n in `\pll_lock_det.$proc$/home/ihsan/.cc/worktrees/ece298a/pll/blocks/pll/digital/rtl/pll_lock_det.v:28$23'.
Found async reset \rst_n in `\pll_lock_det.$proc$/home/ihsan/.cc/worktrees/ece298a/pll/blocks/pll/digital/rtl/pll_lock_det.v:24$20'.
Found async reset \rst_n in `\pll_divider.$proc$/home/ihsan/.cc/worktrees/ece298a/pll/blocks/pll/digital/rtl/pll_divider.v:27$13'.
Found async reset \rst_n in `\pll_divider.$proc$/home/ihsan/.cc/worktrees/ece298a/pll/blocks/pll/digital/rtl/pll_divider.v:22$10'.
Found async reset \rst_n in `\pll_ctrl_regs.$proc$/home/ihsan/.cc/worktrees/ece298a/pll/blocks/pll/digital/rtl/pll_ctrl_regs.v:12$2'.

8.6. Executing PROC_ROM pass (convert switches to ROMs).
Converted 0 switches.
<suppressed ~1 debug messages>

8.7. Executing PROC_MUX pass (convert decision trees to multiplexers).
Creating decoders for process `\pll_prescaler.$proc$/home/ihsan/.cc/worktrees/ece298a/pll/blocks/pll/digital/rtl/pll_prescaler.v:25$40'.
     1/1: $0\q3[0:0]
Creating decoders for process `\pll_prescaler.$proc$/home/ihsan/.cc/worktrees/ece298a/pll/blocks/pll/digital/rtl/pll_prescaler.v:21$37'.
     1/1: $0\pre_q2[0:0]
Creating decoders for process `\pll_prescaler.$proc$/home/ihsan/.cc/worktrees/ece298a/pll/blocks/pll/digital/rtl/pll_prescaler.v:17$34'.
     1/1: $0\pre_q1[0:0]
Creating decoders for process `\pll_prescaler.$proc$/home/ihsan/.cc/worktrees/ece298a/pll/blocks/pll/digital/rtl/pll_prescaler.v:13$31'.
     1/1: $0\pre_q0[0:0]
Creating decoders for process `\pll_pfd.$proc$/home/ihsan/.cc/worktrees/ece298a/pll/blocks/pll/digital/rtl/pll_pfd.v:33$30'.
     1/1: $0\pfd_fb_q[0:0]
Creating decoders for process `\pll_pfd.$proc$/home/ihsan/.cc/worktrees/ece298a/pll/blocks/pll/digital/rtl/pll_pfd.v:29$29'.
     1/1: $0\pfd_ref_q[0:0]
Creating decoders for process `\pll_lock_det.$proc$/home/ihsan/.cc/worktrees/ece298a/pll/blocks/pll/digital/rtl/pll_lock_det.v:28$23'.
     1/2: $0\lock[0:0]
     2/2: $0\lock_cnt[4:0]
Creating decoders for process `\pll_lock_det.$proc$/home/ihsan/.cc/worktrees/ece298a/pll/blocks/pll/digital/rtl/pll_lock_det.v:24$20'.
     1/1: $0\wide_q[0:0]
Creating decoders for process `\pll_divider.$proc$/home/ihsan/.cc/worktrees/ece298a/pll/blocks/pll/digital/rtl/pll_divider.v:27$13'.
     1/1: $0\fb_en[0:0]
Creating decoders for process `\pll_divider.$proc$/home/ihsan/.cc/worktrees/ece298a/pll/blocks/pll/digital/rtl/pll_divider.v:22$10'.
     1/1: $0\div_cnt[2:0]
Creating decoders for process `\pll_ctrl_regs.$proc$/home/ihsan/.cc/worktrees/ece298a/pll/blocks/pll/digital/rtl/pll_ctrl_regs.v:12$2'.
     1/3: $0\cp_trim1[0:0]
     2/3: $0\cp_trim0[0:0]
     3/3: $0\pll_en[0:0]

8.8. Executing PROC_DLATCH pass (convert process syncs to latches).

8.9. Executing PROC_DFF pass (convert process syncs to FFs).
Creating register for signal `\pll_prescaler.\q3' using process `\pll_prescaler.$proc$/home/ihsan/.cc/worktrees/ece298a/pll/blocks/pll/digital/rtl/pll_prescaler.v:25$40'.
  created $adff cell `$procdff$50' with positive edge clock and positive level reset.
Creating register for signal `\pll_prescaler.\pre_q2' using process `\pll_prescaler.$proc$/home/ihsan/.cc/worktrees/ece298a/pll/blocks/pll/digital/rtl/pll_prescaler.v:21$37'.
  created $adff cell `$procdff$55' with positive edge clock and positive level reset.
Creating register for signal `\pll_prescaler.\pre_q1' using process `\pll_prescaler.$proc$/home/ihsan/.cc/worktrees/ece298a/pll/blocks/pll/digital/rtl/pll_prescaler.v:17$34'.
  created $adff cell `$procdff$60' with positive edge clock and positive level reset.
Creating register for signal `\pll_prescaler.\pre_q0' using process `\pll_prescaler.$proc$/home/ihsan/.cc/worktrees/ece298a/pll/blocks/pll/digital/rtl/pll_prescaler.v:13$31'.
  created $adff cell `$procdff$65' with positive edge clock and positive level reset.
Creating register for signal `\pll_pfd.\pfd_fb_q' using process `\pll_pfd.$proc$/home/ihsan/.cc/worktrees/ece298a/pll/blocks/pll/digital/rtl/pll_pfd.v:33$30'.
  created $adff cell `$procdff$68' with positive edge clock and positive level reset.
Creating register for signal `\pll_pfd.\pfd_ref_q' using process `\pll_pfd.$proc$/home/ihsan/.cc/worktrees/ece298a/pll/blocks/pll/digital/rtl/pll_pfd.v:29$29'.
  created $adff cell `$procdff$71' with positive edge clock and positive level reset.
Creating register for signal `\pll_lock_det.\lock' using process `\pll_lock_det.$proc$/home/ihsan/.cc/worktrees/ece298a/pll/blocks/pll/digital/rtl/pll_lock_det.v:28$23'.
  created $adff cell `$procdff$76' with positive edge clock and positive level reset.
Creating register for signal `\pll_lock_det.\lock_cnt' using process `\pll_lock_det.$proc$/home/ihsan/.cc/worktrees/ece298a/pll/blocks/pll/digital/rtl/pll_lock_det.v:28$23'.
  created $adff cell `$procdff$81' with positive edge clock and positive level reset.
Creating register for signal `\pll_lock_det.\wide_q' using process `\pll_lock_det.$proc$/home/ihsan/.cc/worktrees/ece298a/pll/blocks/pll/digital/rtl/pll_lock_det.v:24$20'.
  created $adff cell `$procdff$86' with negative edge clock and positive level reset.
Creating register for signal `\pll_divider.\fb_en' using process `\pll_divider.$proc$/home/ihsan/.cc/worktrees/ece298a/pll/blocks/pll/digital/rtl/pll_divider.v:27$13'.
  created $adff cell `$procdff$91' with negative edge clock and positive level reset.
Creating register for signal `\pll_divider.\div_cnt' using process `\pll_divider.$proc$/home/ihsan/.cc/worktrees/ece298a/pll/blocks/pll/digital/rtl/pll_divider.v:22$10'.
  created $adff cell `$procdff$96' with positive edge clock and positive level reset.
Creating register for signal `\pll_ctrl_regs.\pll_en' using process `\pll_ctrl_regs.$proc$/home/ihsan/.cc/worktrees/ece298a/pll/blocks/pll/digital/rtl/pll_ctrl_regs.v:12$2'.
  created $adff cell `$procdff$101' with positive edge clock and positive level reset.
Creating register for signal `\pll_ctrl_regs.\cp_trim0' using process `\pll_ctrl_regs.$proc$/home/ihsan/.cc/worktrees/ece298a/pll/blocks/pll/digital/rtl/pll_ctrl_regs.v:12$2'.
  created $adff cell `$procdff$106' with positive edge clock and positive level reset.
Creating register for signal `\pll_ctrl_regs.\cp_trim1' using process `\pll_ctrl_regs.$proc$/home/ihsan/.cc/worktrees/ece298a/pll/blocks/pll/digital/rtl/pll_ctrl_regs.v:12$2'.
  created $adff cell `$procdff$111' with positive edge clock and positive level reset.

8.10. Executing PROC_MEMWR pass (convert process memory writes to cells).

8.11. Executing PROC_CLEAN pass (remove empty switches from decision trees).
Removing empty process `pll_prescaler.$proc$/home/ihsan/.cc/worktrees/ece298a/pll/blocks/pll/digital/rtl/pll_prescaler.v:25$40'.
Removing empty process `pll_prescaler.$proc$/home/ihsan/.cc/worktrees/ece298a/pll/blocks/pll/digital/rtl/pll_prescaler.v:21$37'.
Removing empty process `pll_prescaler.$proc$/home/ihsan/.cc/worktrees/ece298a/pll/blocks/pll/digital/rtl/pll_prescaler.v:17$34'.
Removing empty process `pll_prescaler.$proc$/home/ihsan/.cc/worktrees/ece298a/pll/blocks/pll/digital/rtl/pll_prescaler.v:13$31'.
Removing empty process `pll_pfd.$proc$/home/ihsan/.cc/worktrees/ece298a/pll/blocks/pll/digital/rtl/pll_pfd.v:33$30'.
Removing empty process `pll_pfd.$proc$/home/ihsan/.cc/worktrees/ece298a/pll/blocks/pll/digital/rtl/pll_pfd.v:29$29'.
Removing empty process `pll_lock_det.$proc$/home/ihsan/.cc/worktrees/ece298a/pll/blocks/pll/digital/rtl/pll_lock_det.v:28$23'.
Removing empty process `pll_lock_det.$proc$/home/ihsan/.cc/worktrees/ece298a/pll/blocks/pll/digital/rtl/pll_lock_det.v:24$20'.
Removing empty process `pll_divider.$proc$/home/ihsan/.cc/worktrees/ece298a/pll/blocks/pll/digital/rtl/pll_divider.v:27$13'.
Found and cleaned up 1 empty switch in `\pll_divider.$proc$/home/ihsan/.cc/worktrees/ece298a/pll/blocks/pll/digital/rtl/pll_divider.v:22$10'.
Removing empty process `pll_divider.$proc$/home/ihsan/.cc/worktrees/ece298a/pll/blocks/pll/digital/rtl/pll_divider.v:22$10'.
Removing empty process `pll_ctrl_regs.$proc$/home/ihsan/.cc/worktrees/ece298a/pll/blocks/pll/digital/rtl/pll_ctrl_regs.v:12$2'.
Cleaned up 1 empty switch.

8.12. Executing OPT_EXPR pass (perform const folding).
Optimizing module pll_prescaler.
<suppressed ~8 debug messages>
Optimizing module pll_pfd.
<suppressed ~2 debug messages>
Optimizing module pll_lock_det.
<suppressed ~6 debug messages>
Optimizing module pll_divider.
<suppressed ~4 debug messages>
Optimizing module pll_ctrl_regs.
<suppressed ~6 debug messages>
Optimizing module ihsan_sa_pll.

9. Executing RTLIL backend.
Output filename: database/design.il

End of script. Logfile hash: 7dfc3c7c1d, time: 0.06s, user: 0.02s, system: 0.01s, MEM: 28.52 MB peak
Yosys 0.69 (git sha1 9f75ca1f9, Release, GNU /usr/bin/c++ 13.3.0)
Time spent: 66% 12x read_verilog (0 sec), 7% 2x write_rtlil (0 sec), ...
