
 /----------------------------------------------------------------------------\
 |  yosys -- Yosys Open SYnthesis Suite                                       |
 |  Copyright (C) 2012 - 2026  Claire Xenia Wolf <claire@yosyshq.com>         |
 |  Distributed under an ISC-like license, type "license" to see terms        |
 \----------------------------------------------------------------------------/
 Yosys 0.69 (git sha1 9f75ca1f9, Release, GNU /usr/bin/c++ 13.3.0)

-- Executing script file `design_aiger.ys' --

1. Executing RTLIL frontend.
Input filename: design_prep.il

2. Executing HIERARCHY pass (managing design hierarchy).
Attribute `top' found on module `ihsan_sa_pll_formal'. Setting top module to ihsan_sa_pll_formal.

2.1. Analyzing design hierarchy..
Top module:  \ihsan_sa_pll_formal

2.2. Analyzing design hierarchy..
Top module:  \ihsan_sa_pll_formal
Removed 0 unused modules.
Module ihsan_sa_pll_formal directly or indirectly contains formal properties -> setting "keep" attribute.

3. Executing FORMALFF pass.

4. Executing FLATTEN pass (flatten design).

5. Executing SETUNDEF pass (replace undef values with defined constants).

6. Executing OPT pass (performing simple optimizations).

6.1. Executing OPT_EXPR pass (perform const folding).
Optimizing module ihsan_sa_pll_formal.
<suppressed ~30 debug messages>

6.2. Executing OPT_MERGE pass (detect identical cells).
Finding identical cells in module `\ihsan_sa_pll_formal'.
Computing hashes of 284 cells of `\ihsan_sa_pll_formal'.
Finding duplicate cells in `\ihsan_sa_pll_formal'.
Computing hashes of 283 cells of `\ihsan_sa_pll_formal'.
Finding duplicate cells in `\ihsan_sa_pll_formal'.
<suppressed ~3 debug messages>
Removed a total of 1 cells.

6.3. Executing OPT_MUXTREE pass (detect dead branches in mux trees).
Running muxtree optimizer on module \ihsan_sa_pll_formal..
  Creating internal representation of mux trees.
  Evaluating internal representation of mux trees.
  Analyzing evaluation results.
Removed 0 multiplexer ports.
<suppressed ~97 debug messages>

6.4. Executing OPT_REDUCE pass (consolidate $*mux and $reduce_* inputs).
  Optimizing cells in module \ihsan_sa_pll_formal.
Performed a total of 0 changes.

6.5. Executing OPT_MERGE pass (detect identical cells).
Finding identical cells in module `\ihsan_sa_pll_formal'.
Computing hashes of 283 cells of `\ihsan_sa_pll_formal'.
Finding duplicate cells in `\ihsan_sa_pll_formal'.
Removed a total of 0 cells.

6.6. Executing OPT_SHARE pass.

6.7. Executing OPT_DFF pass (perform DFF optimizations).

6.8. Executing OPT_CLEAN pass (remove unused cells and wires).
Finding unused cells or wires in module \ihsan_sa_pll_formal..
Removed 1 unused cells and 8 unused wires.
<suppressed ~5 debug messages>

6.9. Executing OPT_EXPR pass (perform const folding).
Optimizing module ihsan_sa_pll_formal.

6.10. Rerunning OPT passes. (Maybe there is more to do..)

6.11. Executing OPT_MUXTREE pass (detect dead branches in mux trees).
Running muxtree optimizer on module \ihsan_sa_pll_formal..
  Creating internal representation of mux trees.
  Evaluating internal representation of mux trees.
  Analyzing evaluation results.
Removed 0 multiplexer ports.
<suppressed ~97 debug messages>

6.12. Executing OPT_REDUCE pass (consolidate $*mux and $reduce_* inputs).
  Optimizing cells in module \ihsan_sa_pll_formal.
Performed a total of 0 changes.

6.13. Executing OPT_MERGE pass (detect identical cells).
Finding identical cells in module `\ihsan_sa_pll_formal'.
Computing hashes of 282 cells of `\ihsan_sa_pll_formal'.
Finding duplicate cells in `\ihsan_sa_pll_formal'.
Removed a total of 0 cells.

6.14. Executing OPT_SHARE pass.

6.15. Executing OPT_DFF pass (perform DFF optimizations).

6.16. Executing OPT_CLEAN pass (remove unused cells and wires).
Finding unused cells or wires in module \ihsan_sa_pll_formal..

6.17. Executing OPT_EXPR pass (perform const folding).
Optimizing module ihsan_sa_pll_formal.

6.18. Finished fast OPT passes. (There is nothing left to do.)

7. Executing TECHMAP pass (map to technology primitives).

7.1. Executing Verilog-2005 frontend: /home/ihsan/.cc/toolchains/iic-osic-tools-2026.09/foss/tools/yosys/bin/../share/yosys/techmap.v
Parsing Verilog input from `/home/ihsan/.cc/toolchains/iic-osic-tools-2026.09/foss/tools/yosys/bin/../share/yosys/techmap.v' to AST representation.
Generating RTLIL representation for module `\_90_simplemap_bool_ops'.
Generating RTLIL representation for module `\_90_simplemap_reduce_ops'.
Generating RTLIL representation for module `\_90_simplemap_logic_ops'.
Generating RTLIL representation for module `\_90_simplemap_compare_ops'.
Generating RTLIL representation for module `\_90_simplemap_various'.
Generating RTLIL representation for module `\_90_simplemap_registers'.
Generating RTLIL representation for module `\_90_shift_ops_shr_shl_sshl_sshr'.
Generating RTLIL representation for module `\_90_shift_shiftx'.
Generating RTLIL representation for module `\_90_fa'.
Generating RTLIL representation for module `\_90_lcu_brent_kung'.
Generating RTLIL representation for module `\_90_alu'.
Generating RTLIL representation for module `\_90_macc'.
Generating RTLIL representation for module `\_90_alumacc'.
Generating RTLIL representation for module `$__div_mod_u'.
Generating RTLIL representation for module `$__div_mod_trunc'.
Generating RTLIL representation for module `\_90_div'.
Generating RTLIL representation for module `\_90_mod'.
Generating RTLIL representation for module `$__div_mod_floor'.
Generating RTLIL representation for module `\_90_divfloor'.
Generating RTLIL representation for module `\_90_modfloor'.
Generating RTLIL representation for module `\_90_pow'.
Generating RTLIL representation for module `\_90_demux'.
Generating RTLIL representation for module `\_90_lut'.
Generating RTLIL representation for module `$connect'.
Generating RTLIL representation for module `$input_port'.
Successfully finished Verilog frontend.

7.2. Continuing TECHMAP pass.
Using extmapper simplemap for cells of type $reduce_or.
Using extmapper simplemap for cells of type $eqx.
Using extmapper simplemap for cells of type $mux.
Using extmapper simplemap for cells of type $ff.
Using extmapper simplemap for cells of type $not.
Using extmapper simplemap for cells of type $and.
Using extmapper simplemap for cells of type $or.
Using extmapper simplemap for cells of type $ne.
Using extmapper simplemap for cells of type $logic_or.
Using extmapper simplemap for cells of type $logic_not.
Using extmapper simplemap for cells of type $logic_and.
Running "alumacc" on wrapper $extern:wrap:$le:A_SIGNED=0:A_WIDTH=5:B_SIGNED=0:B_WIDTH=3:Y_WIDTH=1:394426c56d1a028ba8fdd5469b163e04011def47.
Using template $extern:wrap:$le:A_SIGNED=0:A_WIDTH=5:B_SIGNED=0:B_WIDTH=3:Y_WIDTH=1:394426c56d1a028ba8fdd5469b163e04011def47 for cells of type $extern:wrap:$le:A_SIGNED=0:A_WIDTH=5:B_SIGNED=0:B_WIDTH=3:Y_WIDTH=1:394426c56d1a028ba8fdd5469b163e04011def47.
Running "alumacc" on wrapper $extern:wrap:$le:A_SIGNED=0:A_WIDTH=5:B_SIGNED=0:B_WIDTH=4:Y_WIDTH=1:394426c56d1a028ba8fdd5469b163e04011def47.
Using template $extern:wrap:$le:A_SIGNED=0:A_WIDTH=5:B_SIGNED=0:B_WIDTH=4:Y_WIDTH=1:394426c56d1a028ba8fdd5469b163e04011def47 for cells of type $extern:wrap:$le:A_SIGNED=0:A_WIDTH=5:B_SIGNED=0:B_WIDTH=4:Y_WIDTH=1:394426c56d1a028ba8fdd5469b163e04011def47.
Using extmapper simplemap for cells of type $eq.
Running "alumacc" on wrapper $extern:wrap:$add:A_SIGNED=0:A_WIDTH=5:B_SIGNED=0:B_WIDTH=1:Y_WIDTH=5:394426c56d1a028ba8fdd5469b163e04011def47.
Using template $extern:wrap:$add:A_SIGNED=0:A_WIDTH=5:B_SIGNED=0:B_WIDTH=1:Y_WIDTH=5:394426c56d1a028ba8fdd5469b163e04011def47 for cells of type $extern:wrap:$add:A_SIGNED=0:A_WIDTH=5:B_SIGNED=0:B_WIDTH=1:Y_WIDTH=5:394426c56d1a028ba8fdd5469b163e04011def47.
Running "alumacc" on wrapper $extern:wrap:$sub:A_SIGNED=0:A_WIDTH=3:B_SIGNED=0:B_WIDTH=1:Y_WIDTH=3:394426c56d1a028ba8fdd5469b163e04011def47.
Using template $extern:wrap:$sub:A_SIGNED=0:A_WIDTH=3:B_SIGNED=0:B_WIDTH=1:Y_WIDTH=3:394426c56d1a028ba8fdd5469b163e04011def47 for cells of type $extern:wrap:$sub:A_SIGNED=0:A_WIDTH=3:B_SIGNED=0:B_WIDTH=1:Y_WIDTH=3:394426c56d1a028ba8fdd5469b163e04011def47.
Running "alumacc" on wrapper $extern:wrap:$le:A_SIGNED=0:A_WIDTH=3:B_SIGNED=0:B_WIDTH=3:Y_WIDTH=1:394426c56d1a028ba8fdd5469b163e04011def47.
Using template $extern:wrap:$le:A_SIGNED=0:A_WIDTH=3:B_SIGNED=0:B_WIDTH=3:Y_WIDTH=1:394426c56d1a028ba8fdd5469b163e04011def47 for cells of type $extern:wrap:$le:A_SIGNED=0:A_WIDTH=3:B_SIGNED=0:B_WIDTH=3:Y_WIDTH=1:394426c56d1a028ba8fdd5469b163e04011def47.
Running "alumacc" on wrapper $extern:wrap:$ge:A_SIGNED=0:A_WIDTH=3:B_SIGNED=0:B_WIDTH=3:Y_WIDTH=1:394426c56d1a028ba8fdd5469b163e04011def47.
Using template $extern:wrap:$ge:A_SIGNED=0:A_WIDTH=3:B_SIGNED=0:B_WIDTH=3:Y_WIDTH=1:394426c56d1a028ba8fdd5469b163e04011def47 for cells of type $extern:wrap:$ge:A_SIGNED=0:A_WIDTH=3:B_SIGNED=0:B_WIDTH=3:Y_WIDTH=1:394426c56d1a028ba8fdd5469b163e04011def47.
Running "alumacc" on wrapper $extern:wrap:$add:A_SIGNED=0:A_WIDTH=3:B_SIGNED=0:B_WIDTH=1:Y_WIDTH=3:394426c56d1a028ba8fdd5469b163e04011def47.
Using template $extern:wrap:$add:A_SIGNED=0:A_WIDTH=3:B_SIGNED=0:B_WIDTH=1:Y_WIDTH=3:394426c56d1a028ba8fdd5469b163e04011def47 for cells of type $extern:wrap:$add:A_SIGNED=0:A_WIDTH=3:B_SIGNED=0:B_WIDTH=1:Y_WIDTH=3:394426c56d1a028ba8fdd5469b163e04011def47.
Running "alumacc" on wrapper $extern:wrap:$add:A_SIGNED=0:A_WIDTH=4:B_SIGNED=0:B_WIDTH=1:Y_WIDTH=4:394426c56d1a028ba8fdd5469b163e04011def47.
Using template $extern:wrap:$add:A_SIGNED=0:A_WIDTH=4:B_SIGNED=0:B_WIDTH=1:Y_WIDTH=4:394426c56d1a028ba8fdd5469b163e04011def47 for cells of type $extern:wrap:$add:A_SIGNED=0:A_WIDTH=4:B_SIGNED=0:B_WIDTH=1:Y_WIDTH=4:394426c56d1a028ba8fdd5469b163e04011def47.
Running "alumacc" on wrapper $extern:wrap:$add:A_SIGNED=0:A_WIDTH=4:B_SIGNED=0:B_WIDTH=1:Y_WIDTH=5:394426c56d1a028ba8fdd5469b163e04011def47.
Using template $extern:wrap:$add:A_SIGNED=0:A_WIDTH=4:B_SIGNED=0:B_WIDTH=1:Y_WIDTH=5:394426c56d1a028ba8fdd5469b163e04011def47 for cells of type $extern:wrap:$add:A_SIGNED=0:A_WIDTH=4:B_SIGNED=0:B_WIDTH=1:Y_WIDTH=5:394426c56d1a028ba8fdd5469b163e04011def47.
Using extmapper simplemap for cells of type $reduce_and.
Using template $paramod$943564b9366bbc392bf4bbc801aa0a2d7742a4e0\_90_alu for cells of type $alu.
Using template $paramod$8b1a36ab2238111d2a0f4cb4ef2e14f2a55fc1f9\_90_alu for cells of type $alu.
Using template $paramod$dad13a281fa6a9ffd6dd427a87dc9a952e80e9ea\_90_alu for cells of type $alu.
Using template $paramod$672a140277c71df8314410f22acc08d55222c3c7\_90_alu for cells of type $alu.
Using template $paramod$b8c0a997bce700f23568a5ada79cc6781d1f5ca0\_90_alu for cells of type $alu.
Using template $paramod$78e969f2586efcf3a5b0b0440bcca0db83d5cca2\_90_alu for cells of type $alu.
Using template $paramod$3ef7d3dd227da7627a99c5e5a6a4deb817573e39\_90_alu for cells of type $alu.
Using template $paramod$32a7b7b86c07519b7537abc18e96f0331f97914d\_90_alu for cells of type $alu.
Using extmapper simplemap for cells of type $xor.
Using template $paramod\_90_fa\WIDTH=32'00000000000000000000000000000101 for cells of type $fa.
Using template $paramod\_90_lcu_brent_kung\WIDTH=32'00000000000000000000000000000101 for cells of type $lcu.
Using extmapper simplemap for cells of type $pos.
Using template $paramod\_90_fa\WIDTH=32'00000000000000000000000000000011 for cells of type $fa.
Using template $paramod\_90_lcu_brent_kung\WIDTH=32'00000000000000000000000000000011 for cells of type $lcu.
Using template $paramod\_90_fa\WIDTH=32'00000000000000000000000000000100 for cells of type $fa.
Using template $paramod\_90_lcu_brent_kung\WIDTH=32'00000000000000000000000000000100 for cells of type $lcu.
No more expansions possible.
<suppressed ~1158 debug messages>

8. Executing OPT pass (performing simple optimizations).

8.1. Executing OPT_EXPR pass (perform const folding).
Optimizing module ihsan_sa_pll_formal.
<suppressed ~460 debug messages>

8.2. Executing OPT_MERGE pass (detect identical cells).
Finding identical cells in module `\ihsan_sa_pll_formal'.
Computing hashes of 684 cells of `\ihsan_sa_pll_formal'.
Finding duplicate cells in `\ihsan_sa_pll_formal'.
Computing hashes of 633 cells of `\ihsan_sa_pll_formal'.
Finding duplicate cells in `\ihsan_sa_pll_formal'.
Computing hashes of 627 cells of `\ihsan_sa_pll_formal'.
Finding duplicate cells in `\ihsan_sa_pll_formal'.
Computing hashes of 621 cells of `\ihsan_sa_pll_formal'.
Finding duplicate cells in `\ihsan_sa_pll_formal'.
Computing hashes of 620 cells of `\ihsan_sa_pll_formal'.
Finding duplicate cells in `\ihsan_sa_pll_formal'.
<suppressed ~192 debug messages>
Removed a total of 64 cells.

8.3. Executing OPT_DFF pass (perform DFF optimizations).

8.4. Executing OPT_CLEAN pass (remove unused cells and wires).
Finding unused cells or wires in module \ihsan_sa_pll_formal..
Removed 34 unused cells and 667 unused wires.
<suppressed ~37 debug messages>

8.5. Finished fast OPT passes.

9. Executing MEMORY_MAP pass (converting memories to logic and flip-flops).

10. Executing FORMALFF pass.

11. Executing SIMPLEMAP pass (map simple cells to gate primitives).

12. Executing DFFUNMAP pass (unmap clock enable and synchronous reset from FFs).

13. Executing AIGMAP pass (map logic to AIG).
Module ihsan_sa_pll_formal: replaced 283 cells with 1690 new cells, skipped 303 cells.
  replaced 3 cell types:
     147 $_MUX_
      97 $_OR_
      39 $_XOR_
  not replaced 8 cell types:
     104 $_AND_
      85 $_FF_
      71 $_NOT_
      27 $anyinit
       8 $assert
       1 $assume
       1 $initstate
       6 $scopeinfo

14. Executing OPT_CLEAN pass (remove unused cells and wires).
Finding unused cells or wires in module \ihsan_sa_pll_formal..
Removed 0 unused cells and 217 unused wires.
<suppressed ~1 debug messages>

15. Printing statistics.

=== ihsan_sa_pll_formal ===

        +----------Local Count, excluding submodules.
        | 
     1888 wires
     2109 wire bits
      134 public wires
      212 public wire bits
        7 ports
       10 port bits
     1993 cells
      759   $_AND_
       85   $_FF_
     1106   $_NOT_
       27   $anyinit
        8   $assert
        1   $assume
        1   $initstate
        6   $scopeinfo

16. Executing AIGER backend.
Warning: Treating undriven bit ihsan_sa_pll_formal.\clk like $anyseq.
Warning: Treating undriven bit ihsan_sa_pll_formal.\vco_out like $anyseq.
Warning: Treating undriven bit ihsan_sa_pll_formal.\rst_n like $anyseq.
Warning: Treating undriven bit ihsan_sa_pll_formal.\pll_en_in like $anyseq.
Warning: Treating undriven bit ihsan_sa_pll_formal.\obs_sel like $anyseq.
Warning: Treating undriven bit ihsan_sa_pll_formal.\n_sel [0] like $anyseq.
Warning: Treating undriven bit ihsan_sa_pll_formal.\n_sel [1] like $anyseq.
Warning: Treating undriven bit ihsan_sa_pll_formal.\n_sel [2] like $anyseq.
Warning: Treating undriven bit ihsan_sa_pll_formal.\cp_trim_in [0] like $anyseq.
Warning: Treating undriven bit ihsan_sa_pll_formal.\cp_trim_in [1] like $anyseq.
Warning: Treating a total of 10 undriven bits in ihsan_sa_pll_formal like $anyseq.

Warnings: 11 unique messages, 11 total
End of script. Logfile hash: 078d89d7bf, time: 0.57s, user: 0.15s, system: 0.02s, MEM: 36.36 MB peak
Yosys 0.69 (git sha1 9f75ca1f9, Release, GNU /usr/bin/c++ 13.3.0)
Time spent: 23% 7x opt_clean (0 sec), 23% 1x techmap (0 sec), ...
