
 /----------------------------------------------------------------------------\
 |  yosys -- Yosys Open SYnthesis Suite                                       |
 |  Copyright (C) 2012 - 2026  Claire Xenia Wolf <claire@yosyshq.com>         |
 |  Distributed under an ISC-like license, type "license" to see terms        |
 \----------------------------------------------------------------------------/
 Yosys 0.69 (git sha1 9f75ca1f9, Release, GNU /usr/bin/c++ 13.3.0)

-- Executing script file `design_prep.ys' --

1. Executing RTLIL frontend.
Input filename: design.il

2. Executing SCC pass (detecting logic loops).
Found 0 SCCs in module ihsan_sa_pll_formal.
Found 0 SCCs.

3. Executing SIMPLEMAP pass (map simple cells to gate primitives).

4. Executing MEMORY_NORDFF pass (extracting $dff cells from memories).

5. Executing CLK2FFLOGIC pass (convert clocked FFs to generic $ff cells).

5.1. Executing PEEPOPT pass (run peephole optimizers).
Replacing ihsan_sa_pll_formal.$flatten\dut.\u_ctrl.$procdff$376 ($adff): CLK=\dut.u_ctrl.clk, D=\dut.u_ctrl.pll_en_in, Q=\dut.u_ctrl.pll_en
Replacing ihsan_sa_pll_formal.$flatten\dut.\u_ctrl.$procdff$381 ($adff): CLK=\dut.u_ctrl.clk, D=\dut.u_ctrl.cp_trim_in [0], Q=\dut.u_ctrl.cp_trim0
Replacing ihsan_sa_pll_formal.$flatten\dut.\u_ctrl.$procdff$386 ($adff): CLK=\dut.u_ctrl.clk, D=\dut.u_ctrl.cp_trim_in [1], Q=\dut.u_ctrl.cp_trim1
Replacing ihsan_sa_pll_formal.$flatten\dut.\u_div.$procdff$345 ($adff): CLK=\dut.u_div.clk_pre, D=\dut.u_div.last, Q=\dut.u_div.fb_en
Replacing ihsan_sa_pll_formal.$flatten\dut.\u_div.$procdff$350 ($adff): CLK=\dut.u_div.clk_pre, D=$flatten\dut.\u_div.$0\div_cnt[2:0], Q=\dut.u_div.div_cnt
Replacing ihsan_sa_pll_formal.$flatten\dut.\u_lock.$procdff$361 ($adff): CLK=\dut.u_lock.clk, D=$flatten\dut.\u_lock.$0\lock[0:0], Q=\dut.u_lock.lock
Replacing ihsan_sa_pll_formal.$flatten\dut.\u_lock.$procdff$366 ($adff): CLK=\dut.u_lock.clk, D=\dut.u_lock.cnt_nxt, Q=\dut.u_lock.lock_cnt
Replacing ihsan_sa_pll_formal.$flatten\dut.\u_lock.$procdff$371 ($adff): CLK=\dut.u_lock.clk, D=$flatten\dut.\u_lock.$0\wide_q[0:0], Q=\dut.u_lock.wide_q
Replacing ihsan_sa_pll_formal.$flatten\dut.\u_pfd.$procdff$353 ($adff): CLK=\dut.u_pfd.clk_fb, D=1'1, Q=\dut.u_pfd.pfd_fb_q
Replacing ihsan_sa_pll_formal.$flatten\dut.\u_pfd.$procdff$356 ($adff): CLK=\dut.u_pfd.clk, D=1'1, Q=\dut.u_pfd.pfd_ref_q
Replacing ihsan_sa_pll_formal.$flatten\dut.\u_pre.$procdff$325 ($adff): CLK=\dut.u_pre.pre_q2, D=$flatten\dut.\u_pre.$0\q3[0:0], Q=\dut.u_pre.q3
Replacing ihsan_sa_pll_formal.$flatten\dut.\u_pre.$procdff$330 ($adff): CLK=\dut.u_pre.pre_q1, D=$flatten\dut.\u_pre.$0\pre_q2[0:0], Q=\dut.u_pre.pre_q2
Replacing ihsan_sa_pll_formal.$flatten\dut.\u_pre.$procdff$335 ($adff): CLK=\dut.u_pre.pre_q0, D=$flatten\dut.\u_pre.$0\pre_q1[0:0], Q=\dut.u_pre.pre_q1
Replacing ihsan_sa_pll_formal.$flatten\dut.\u_pre.$procdff$340 ($adff): CLK=\dut.u_pre.vco_out, D=$flatten\dut.\u_pre.$0\pre_q0[0:0], Q=\dut.u_pre.pre_q0

6. Executing OPT_CLEAN pass (remove unused cells and wires).
Finding unused cells or wires in module \ihsan_sa_pll_formal..
Removed 23 unused cells and 37 unused wires.
<suppressed ~25 debug messages>

7. Executing FORMALFF pass.

8. Executing OPT_CLEAN pass (remove unused cells and wires).
Finding unused cells or wires in module \ihsan_sa_pll_formal..
Removed 19 unused cells and 26 unused wires.
<suppressed ~28 debug messages>

9. Executing CHECK pass (checking for obvious problems).
Checking module ihsan_sa_pll_formal...
Found and reported 0 problems.

10. Executing SETUNDEF pass (replace undef values with defined constants).

11. Executing OPT pass (performing simple optimizations).

11.1. Executing OPT_EXPR pass (perform const folding).
Optimizing module ihsan_sa_pll_formal.
<suppressed ~12 debug messages>

11.2. Executing OPT_MERGE pass (detect identical cells).
Finding identical cells in module `\ihsan_sa_pll_formal'.
Computing hashes of 335 cells of `\ihsan_sa_pll_formal'.
Finding duplicate cells in `\ihsan_sa_pll_formal'.
Computing hashes of 309 cells of `\ihsan_sa_pll_formal'.
Finding duplicate cells in `\ihsan_sa_pll_formal'.
Computing hashes of 289 cells of `\ihsan_sa_pll_formal'.
Finding duplicate cells in `\ihsan_sa_pll_formal'.
<suppressed ~138 debug messages>
Removed a total of 46 cells.

11.3. Executing OPT_DFF pass (perform DFF optimizations).

11.4. Executing OPT_CLEAN pass (remove unused cells and wires).
Finding unused cells or wires in module \ihsan_sa_pll_formal..
Removed 0 unused cells and 44 unused wires.
<suppressed ~1 debug messages>

11.5. Finished fast OPT passes.

12. Executing OPT_CLEAN pass (remove unused cells and wires).
Finding unused cells or wires in module \ihsan_sa_pll_formal..
Removed 0 unused cells and 5 unused wires.
<suppressed ~1 debug messages>

13. Executing RTLIL backend.
Output filename: ../model/design_prep.il

End of script. Logfile hash: 7afe5ff71f, time: 0.04s, user: 0.04s, system: 0.01s, MEM: 29.76 MB peak
Yosys 0.69 (git sha1 9f75ca1f9, Release, GNU /usr/bin/c++ 13.3.0)
Time spent: 47% 4x opt_clean (0 sec), 8% 2x read_rtlil (0 sec), ...
