
 /----------------------------------------------------------------------------\
 |  yosys -- Yosys Open SYnthesis Suite                                       |
 |  Copyright (C) 2012 - 2026  Claire Xenia Wolf <claire@yosyshq.com>         |
 |  Distributed under an ISC-like license, type "license" to see terms        |
 \----------------------------------------------------------------------------/
 Yosys 0.69 (git sha1 9f75ca1f9, Release, GNU /usr/bin/c++ 13.3.0)

-- Executing script file `../model/design.ys' --

1. Executing Verilog-2005 frontend: /home/ihsan/.cc/worktrees/ece298a/pll/blocks/pll/digital/formal/ihsan_sa_pll_formal.sv
Parsing formal SystemVerilog input from `/home/ihsan/.cc/worktrees/ece298a/pll/blocks/pll/digital/formal/ihsan_sa_pll_formal.sv' to AST representation.
Storing AST representation for module `$abstract\ihsan_sa_pll_formal'.
Successfully finished Verilog frontend.

2. Executing Verilog-2005 frontend: /home/ihsan/.cc/worktrees/ece298a/pll/blocks/pll/digital/rtl/ihsan_sa_pll.v
Parsing formal SystemVerilog input from `/home/ihsan/.cc/worktrees/ece298a/pll/blocks/pll/digital/rtl/ihsan_sa_pll.v' to AST representation.
Storing AST representation for module `$abstract\ihsan_sa_pll'.
Successfully finished Verilog frontend.

3. Executing Verilog-2005 frontend: /home/ihsan/.cc/worktrees/ece298a/pll/blocks/pll/digital/rtl/pll_ctrl_regs.v
Parsing formal SystemVerilog input from `/home/ihsan/.cc/worktrees/ece298a/pll/blocks/pll/digital/rtl/pll_ctrl_regs.v' to AST representation.
Storing AST representation for module `$abstract\pll_ctrl_regs'.
Successfully finished Verilog frontend.

4. Executing Verilog-2005 frontend: /home/ihsan/.cc/worktrees/ece298a/pll/blocks/pll/digital/rtl/pll_divider.v
Parsing formal SystemVerilog input from `/home/ihsan/.cc/worktrees/ece298a/pll/blocks/pll/digital/rtl/pll_divider.v' to AST representation.
Storing AST representation for module `$abstract\pll_divider'.
Successfully finished Verilog frontend.

5. Executing Verilog-2005 frontend: /home/ihsan/.cc/worktrees/ece298a/pll/blocks/pll/digital/rtl/pll_lock_det.v
Parsing formal SystemVerilog input from `/home/ihsan/.cc/worktrees/ece298a/pll/blocks/pll/digital/rtl/pll_lock_det.v' to AST representation.
Storing AST representation for module `$abstract\pll_lock_det'.
Successfully finished Verilog frontend.

6. Executing Verilog-2005 frontend: /home/ihsan/.cc/worktrees/ece298a/pll/blocks/pll/digital/rtl/pll_pfd.v
Parsing formal SystemVerilog input from `/home/ihsan/.cc/worktrees/ece298a/pll/blocks/pll/digital/rtl/pll_pfd.v' to AST representation.
Storing AST representation for module `$abstract\pll_pfd'.
Successfully finished Verilog frontend.

7. Executing Verilog-2005 frontend: /home/ihsan/.cc/worktrees/ece298a/pll/blocks/pll/digital/rtl/pll_prescaler.v
Parsing formal SystemVerilog input from `/home/ihsan/.cc/worktrees/ece298a/pll/blocks/pll/digital/rtl/pll_prescaler.v' to AST representation.
Storing AST representation for module `$abstract\pll_prescaler'.
Successfully finished Verilog frontend.

8. Executing PREP pass.

8.1. Executing HIERARCHY pass (managing design hierarchy).

8.2. Executing AST frontend in derive mode using pre-parsed AST for module `\ihsan_sa_pll_formal'.
Generating RTLIL representation for module `\ihsan_sa_pll_formal'.

8.2.1. Analyzing design hierarchy..
Top module:  \ihsan_sa_pll_formal

8.2.2. Executing AST frontend in derive mode using pre-parsed AST for module `\ihsan_sa_pll'.
Generating RTLIL representation for module `\ihsan_sa_pll'.

8.2.3. Analyzing design hierarchy..
Top module:  \ihsan_sa_pll_formal
Used module:     \ihsan_sa_pll

8.2.4. Executing AST frontend in derive mode using pre-parsed AST for module `\pll_ctrl_regs'.
Generating RTLIL representation for module `\pll_ctrl_regs'.

8.2.5. Executing AST frontend in derive mode using pre-parsed AST for module `\pll_lock_det'.
Generating RTLIL representation for module `\pll_lock_det'.

8.2.6. Executing AST frontend in derive mode using pre-parsed AST for module `\pll_pfd'.
Generating RTLIL representation for module `\pll_pfd'.

8.2.7. Executing AST frontend in derive mode using pre-parsed AST for module `\pll_divider'.
Generating RTLIL representation for module `\pll_divider'.

8.2.8. Executing AST frontend in derive mode using pre-parsed AST for module `\pll_prescaler'.
Generating RTLIL representation for module `\pll_prescaler'.

8.2.9. Analyzing design hierarchy..
Top module:  \ihsan_sa_pll_formal
Used module:     \ihsan_sa_pll
Used module:         \pll_ctrl_regs
Used module:         \pll_lock_det
Used module:         \pll_pfd
Used module:         \pll_divider
Used module:         \pll_prescaler

8.2.10. Analyzing design hierarchy..
Top module:  \ihsan_sa_pll_formal
Used module:     \ihsan_sa_pll
Used module:         \pll_ctrl_regs
Used module:         \pll_lock_det
Used module:         \pll_pfd
Used module:         \pll_divider
Used module:         \pll_prescaler
Removing unused module `$abstract\pll_prescaler'.
Removing unused module `$abstract\pll_pfd'.
Removing unused module `$abstract\pll_lock_det'.
Removing unused module `$abstract\pll_divider'.
Removing unused module `$abstract\pll_ctrl_regs'.
Removing unused module `$abstract\ihsan_sa_pll'.
Removing unused module `$abstract\ihsan_sa_pll_formal'.
Removed 7 unused modules.
Module ihsan_sa_pll_formal directly or indirectly contains formal properties -> setting "keep" attribute.

8.3. Executing PROC pass (convert processes to netlists).

8.3.1. Executing PROC_CLEAN pass (remove empty switches from decision trees).
Cleaned up 0 empty switches.

8.3.2. Executing PROC_RMDEAD pass (remove dead branches from decision trees).
Marked 1 switch rules as full_case in process $proc$/home/ihsan/.cc/worktrees/ece298a/pll/blocks/pll/digital/rtl/pll_prescaler.v:25$185 in module pll_prescaler.
Marked 1 switch rules as full_case in process $proc$/home/ihsan/.cc/worktrees/ece298a/pll/blocks/pll/digital/rtl/pll_prescaler.v:21$182 in module pll_prescaler.
Marked 1 switch rules as full_case in process $proc$/home/ihsan/.cc/worktrees/ece298a/pll/blocks/pll/digital/rtl/pll_prescaler.v:17$179 in module pll_prescaler.
Marked 1 switch rules as full_case in process $proc$/home/ihsan/.cc/worktrees/ece298a/pll/blocks/pll/digital/rtl/pll_prescaler.v:13$176 in module pll_prescaler.
Marked 1 switch rules as full_case in process $proc$/home/ihsan/.cc/worktrees/ece298a/pll/blocks/pll/digital/rtl/pll_divider.v:27$173 in module pll_divider.
Marked 2 switch rules as full_case in process $proc$/home/ihsan/.cc/worktrees/ece298a/pll/blocks/pll/digital/rtl/pll_divider.v:22$170 in module pll_divider.
Marked 1 switch rules as full_case in process $proc$/home/ihsan/.cc/worktrees/ece298a/pll/blocks/pll/digital/rtl/pll_pfd.v:33$163 in module pll_pfd.
Marked 1 switch rules as full_case in process $proc$/home/ihsan/.cc/worktrees/ece298a/pll/blocks/pll/digital/rtl/pll_pfd.v:29$162 in module pll_pfd.
Marked 1 switch rules as full_case in process $proc$/home/ihsan/.cc/worktrees/ece298a/pll/blocks/pll/digital/rtl/pll_lock_det.v:28$156 in module pll_lock_det.
Marked 1 switch rules as full_case in process $proc$/home/ihsan/.cc/worktrees/ece298a/pll/blocks/pll/digital/rtl/pll_lock_det.v:24$153 in module pll_lock_det.
Marked 1 switch rules as full_case in process $proc$/home/ihsan/.cc/worktrees/ece298a/pll/blocks/pll/digital/rtl/pll_ctrl_regs.v:12$147 in module pll_ctrl_regs.
Marked 3 switch rules as full_case in process $proc$/home/ihsan/.cc/worktrees/ece298a/pll/blocks/pll/digital/formal/ihsan_sa_pll_formal.sv:67$30 in module ihsan_sa_pll_formal.
Removed a total of 0 dead cases.

8.3.3. Executing PROC_PRUNE pass (remove redundant assignments in processes).
Removed 14 redundant assignments.
Promoted 29 assignments to connections.

8.3.4. Executing PROC_INIT pass (extract init attributes).
Found init rule in `\ihsan_sa_pll_formal.$proc$/home/ihsan/.cc/worktrees/ece298a/pll/blocks/pll/digital/formal/ihsan_sa_pll_formal.sv:57$145'.
  Set init value: \clk_q = 1'0
Found init rule in `\ihsan_sa_pll_formal.$proc$/home/ihsan/.cc/worktrees/ece298a/pll/blocks/pll/digital/formal/ihsan_sa_pll_formal.sv:57$144'.
  Set init value: \fb_q = 1'0
Found init rule in `\ihsan_sa_pll_formal.$proc$/home/ihsan/.cc/worktrees/ece298a/pll/blocks/pll/digital/formal/ihsan_sa_pll_formal.sv:57$143'.
  Set init value: \prep_q = 1'0
Found init rule in `\ihsan_sa_pll_formal.$proc$/home/ihsan/.cc/worktrees/ece298a/pll/blocks/pll/digital/formal/ihsan_sa_pll_formal.sv:57$142'.
  Set init value: \vco_q = 1'0
Found init rule in `\ihsan_sa_pll_formal.$proc$/home/ihsan/.cc/worktrees/ece298a/pll/blocks/pll/digital/formal/ihsan_sa_pll_formal.sv:55$141'.
  Set init value: \hist_q = 16'1111111111111111
Found init rule in `\ihsan_sa_pll_formal.$proc$/home/ihsan/.cc/worktrees/ece298a/pll/blocks/pll/digital/formal/ihsan_sa_pll_formal.sv:54$140'.
  Set init value: \hist = 16'1111111111111111
Found init rule in `\ihsan_sa_pll_formal.$proc$/home/ihsan/.cc/worktrees/ece298a/pll/blocks/pll/digital/formal/ihsan_sa_pll_formal.sv:53$139'.
  Set init value: \wide_s = 1'1
Found init rule in `\ihsan_sa_pll_formal.$proc$/home/ihsan/.cc/worktrees/ece298a/pll/blocks/pll/digital/formal/ihsan_sa_pll_formal.sv:51$138'.
  Set init value: \n_last = 3'001
Found init rule in `\ihsan_sa_pll_formal.$proc$/home/ihsan/.cc/worktrees/ece298a/pll/blocks/pll/digital/formal/ihsan_sa_pll_formal.sv:50$137'.
  Set init value: \fb_ok = 1'0
Found init rule in `\ihsan_sa_pll_formal.$proc$/home/ihsan/.cc/worktrees/ece298a/pll/blocks/pll/digital/formal/ihsan_sa_pll_formal.sv:49$136'.
  Set init value: \fb_seen = 1'0
Found init rule in `\ihsan_sa_pll_formal.$proc$/home/ihsan/.cc/worktrees/ece298a/pll/blocks/pll/digital/formal/ihsan_sa_pll_formal.sv:48$135'.
  Set init value: \pre_cnt = 4'0000
Found init rule in `\ihsan_sa_pll_formal.$proc$/home/ihsan/.cc/worktrees/ece298a/pll/blocks/pll/digital/formal/ihsan_sa_pll_formal.sv:46$134'.
  Set init value: \pre_ok = 1'0
Found init rule in `\ihsan_sa_pll_formal.$proc$/home/ihsan/.cc/worktrees/ece298a/pll/blocks/pll/digital/formal/ihsan_sa_pll_formal.sv:45$133'.
  Set init value: \pre_seen = 1'0
Found init rule in `\ihsan_sa_pll_formal.$proc$/home/ihsan/.cc/worktrees/ece298a/pll/blocks/pll/digital/formal/ihsan_sa_pll_formal.sv:44$132'.
  Set init value: \vco_cnt = 4'0000
Found init rule in `\ihsan_sa_pll_formal.$proc$/home/ihsan/.cc/worktrees/ece298a/pll/blocks/pll/digital/formal/ihsan_sa_pll_formal.sv:33$131'.
  Set init value: \past_valid = 1'0

8.3.5. Executing PROC_ARST pass (detect async resets in processes).
Found async reset \rst_n in `\pll_prescaler.$proc$/home/ihsan/.cc/worktrees/ece298a/pll/blocks/pll/digital/rtl/pll_prescaler.v:25$185'.
Found async reset \rst_n in `\pll_prescaler.$proc$/home/ihsan/.cc/worktrees/ece298a/pll/blocks/pll/digital/rtl/pll_prescaler.v:21$182'.
Found async reset \rst_n in `\pll_prescaler.$proc$/home/ihsan/.cc/worktrees/ece298a/pll/blocks/pll/digital/rtl/pll_prescaler.v:17$179'.
Found async reset \rst_n in `\pll_prescaler.$proc$/home/ihsan/.cc/worktrees/ece298a/pll/blocks/pll/digital/rtl/pll_prescaler.v:13$176'.
Found async reset \rst_n in `\pll_divider.$proc$/home/ihsan/.cc/worktrees/ece298a/pll/blocks/pll/digital/rtl/pll_divider.v:27$173'.
Found async reset \rst_n in `\pll_divider.$proc$/home/ihsan/.cc/worktrees/ece298a/pll/blocks/pll/digital/rtl/pll_divider.v:22$170'.
Found async reset \pfd_clr in `\pll_pfd.$proc$/home/ihsan/.cc/worktrees/ece298a/pll/blocks/pll/digital/rtl/pll_pfd.v:33$163'.
Found async reset \pfd_clr in `\pll_pfd.$proc$/home/ihsan/.cc/worktrees/ece298a/pll/blocks/pll/digital/rtl/pll_pfd.v:29$162'.
Found async reset \rst_n in `\pll_lock_det.$proc$/home/ihsan/.cc/worktrees/ece298a/pll/blocks/pll/digital/rtl/pll_lock_det.v:28$156'.
Found async reset \rst_n in `\pll_lock_det.$proc$/home/ihsan/.cc/worktrees/ece298a/pll/blocks/pll/digital/rtl/pll_lock_det.v:24$153'.
Found async reset \rst_n in `\pll_ctrl_regs.$proc$/home/ihsan/.cc/worktrees/ece298a/pll/blocks/pll/digital/rtl/pll_ctrl_regs.v:12$147'.

8.3.6. Executing PROC_ROM pass (convert switches to ROMs).
Converted 0 switches.
<suppressed ~17 debug messages>

8.3.7. Executing PROC_MUX pass (convert decision trees to multiplexers).
Creating decoders for process `\pll_prescaler.$proc$/home/ihsan/.cc/worktrees/ece298a/pll/blocks/pll/digital/rtl/pll_prescaler.v:25$185'.
     1/1: $0\q3[0:0]
Creating decoders for process `\pll_prescaler.$proc$/home/ihsan/.cc/worktrees/ece298a/pll/blocks/pll/digital/rtl/pll_prescaler.v:21$182'.
     1/1: $0\pre_q2[0:0]
Creating decoders for process `\pll_prescaler.$proc$/home/ihsan/.cc/worktrees/ece298a/pll/blocks/pll/digital/rtl/pll_prescaler.v:17$179'.
     1/1: $0\pre_q1[0:0]
Creating decoders for process `\pll_prescaler.$proc$/home/ihsan/.cc/worktrees/ece298a/pll/blocks/pll/digital/rtl/pll_prescaler.v:13$176'.
     1/1: $0\pre_q0[0:0]
Creating decoders for process `\pll_divider.$proc$/home/ihsan/.cc/worktrees/ece298a/pll/blocks/pll/digital/rtl/pll_divider.v:27$173'.
     1/1: $0\fb_en[0:0]
Creating decoders for process `\pll_divider.$proc$/home/ihsan/.cc/worktrees/ece298a/pll/blocks/pll/digital/rtl/pll_divider.v:22$170'.
     1/1: $0\div_cnt[2:0]
Creating decoders for process `\pll_pfd.$proc$/home/ihsan/.cc/worktrees/ece298a/pll/blocks/pll/digital/rtl/pll_pfd.v:33$163'.
     1/1: $0\pfd_fb_q[0:0]
Creating decoders for process `\pll_pfd.$proc$/home/ihsan/.cc/worktrees/ece298a/pll/blocks/pll/digital/rtl/pll_pfd.v:29$162'.
     1/1: $0\pfd_ref_q[0:0]
Creating decoders for process `\pll_lock_det.$proc$/home/ihsan/.cc/worktrees/ece298a/pll/blocks/pll/digital/rtl/pll_lock_det.v:28$156'.
     1/2: $0\lock[0:0]
     2/2: $0\lock_cnt[4:0]
Creating decoders for process `\pll_lock_det.$proc$/home/ihsan/.cc/worktrees/ece298a/pll/blocks/pll/digital/rtl/pll_lock_det.v:24$153'.
     1/1: $0\wide_q[0:0]
Creating decoders for process `\pll_ctrl_regs.$proc$/home/ihsan/.cc/worktrees/ece298a/pll/blocks/pll/digital/rtl/pll_ctrl_regs.v:12$147'.
     1/3: $0\cp_trim1[0:0]
     2/3: $0\cp_trim0[0:0]
     3/3: $0\pll_en[0:0]
Creating decoders for process `\ihsan_sa_pll_formal.$proc$/home/ihsan/.cc/worktrees/ece298a/pll/blocks/pll/digital/formal/ihsan_sa_pll_formal.sv:57$145'.
Creating decoders for process `\ihsan_sa_pll_formal.$proc$/home/ihsan/.cc/worktrees/ece298a/pll/blocks/pll/digital/formal/ihsan_sa_pll_formal.sv:57$144'.
Creating decoders for process `\ihsan_sa_pll_formal.$proc$/home/ihsan/.cc/worktrees/ece298a/pll/blocks/pll/digital/formal/ihsan_sa_pll_formal.sv:57$143'.
Creating decoders for process `\ihsan_sa_pll_formal.$proc$/home/ihsan/.cc/worktrees/ece298a/pll/blocks/pll/digital/formal/ihsan_sa_pll_formal.sv:57$142'.
Creating decoders for process `\ihsan_sa_pll_formal.$proc$/home/ihsan/.cc/worktrees/ece298a/pll/blocks/pll/digital/formal/ihsan_sa_pll_formal.sv:55$141'.
Creating decoders for process `\ihsan_sa_pll_formal.$proc$/home/ihsan/.cc/worktrees/ece298a/pll/blocks/pll/digital/formal/ihsan_sa_pll_formal.sv:54$140'.
Creating decoders for process `\ihsan_sa_pll_formal.$proc$/home/ihsan/.cc/worktrees/ece298a/pll/blocks/pll/digital/formal/ihsan_sa_pll_formal.sv:53$139'.
Creating decoders for process `\ihsan_sa_pll_formal.$proc$/home/ihsan/.cc/worktrees/ece298a/pll/blocks/pll/digital/formal/ihsan_sa_pll_formal.sv:51$138'.
Creating decoders for process `\ihsan_sa_pll_formal.$proc$/home/ihsan/.cc/worktrees/ece298a/pll/blocks/pll/digital/formal/ihsan_sa_pll_formal.sv:50$137'.
Creating decoders for process `\ihsan_sa_pll_formal.$proc$/home/ihsan/.cc/worktrees/ece298a/pll/blocks/pll/digital/formal/ihsan_sa_pll_formal.sv:49$136'.
Creating decoders for process `\ihsan_sa_pll_formal.$proc$/home/ihsan/.cc/worktrees/ece298a/pll/blocks/pll/digital/formal/ihsan_sa_pll_formal.sv:48$135'.
Creating decoders for process `\ihsan_sa_pll_formal.$proc$/home/ihsan/.cc/worktrees/ece298a/pll/blocks/pll/digital/formal/ihsan_sa_pll_formal.sv:46$134'.
Creating decoders for process `\ihsan_sa_pll_formal.$proc$/home/ihsan/.cc/worktrees/ece298a/pll/blocks/pll/digital/formal/ihsan_sa_pll_formal.sv:45$133'.
Creating decoders for process `\ihsan_sa_pll_formal.$proc$/home/ihsan/.cc/worktrees/ece298a/pll/blocks/pll/digital/formal/ihsan_sa_pll_formal.sv:44$132'.
Creating decoders for process `\ihsan_sa_pll_formal.$proc$/home/ihsan/.cc/worktrees/ece298a/pll/blocks/pll/digital/formal/ihsan_sa_pll_formal.sv:33$131'.
Creating decoders for process `\ihsan_sa_pll_formal.$proc$/home/ihsan/.cc/worktrees/ece298a/pll/blocks/pll/digital/formal/ihsan_sa_pll_formal.sv:134$106'.
     1/8: \COVER_LOCK_DROP_EN
     2/8: \COVER_LOCK_EN
     3/8: \COVER_FB_ILLEGAL_EN
     4/8: \COVER_FB_N5_EN
     5/8: \COVER_PRE_PERIOD_EN
     6/8: \COVER_PFD_RESET_EN
     7/8: \COVER_PFD_DN_EN
     8/8: \COVER_PFD_UP_EN
Creating decoders for process `\ihsan_sa_pll_formal.$proc$/home/ihsan/.cc/worktrees/ece298a/pll/blocks/pll/digital/formal/ihsan_sa_pll_formal.sv:94$43'.
     1/6: \lock_not_while_wide_EN
     2/6: \pfd_reset_on_both_EN
     3/6: \pfd_never_both_high_EN
     4/6: \divider_ratio_EN
     5/6: \prescaler_div8_EN
     6/6: \reset_forces_outputs_EN
Creating decoders for process `\ihsan_sa_pll_formal.$proc$/home/ihsan/.cc/worktrees/ece298a/pll/blocks/pll/digital/formal/ihsan_sa_pll_formal.sv:67$30'.
     1/9: $0\hist[15:0]
     2/9: $0\wide_s[0:0]
     3/9: $0\n_last[2:0]
     4/9: $0\fb_ok[0:0]
     5/9: $0\fb_seen[0:0]
     6/9: $0\pre_cnt[3:0]
     7/9: $0\pre_ok[0:0]
     8/9: $0\pre_seen[0:0]
     9/9: $0\vco_cnt[3:0]
Creating decoders for process `\ihsan_sa_pll_formal.$proc$/home/ihsan/.cc/worktrees/ece298a/pll/blocks/pll/digital/formal/ihsan_sa_pll_formal.sv:58$14'.
Creating decoders for process `\ihsan_sa_pll_formal.$proc$/home/ihsan/.cc/worktrees/ece298a/pll/blocks/pll/digital/formal/ihsan_sa_pll_formal.sv:34$9'.

8.3.8. Executing PROC_DLATCH pass (convert process syncs to latches).

8.3.9. Executing PROC_DFF pass (convert process syncs to FFs).
Creating register for signal `\pll_prescaler.\q3' using process `\pll_prescaler.$proc$/home/ihsan/.cc/worktrees/ece298a/pll/blocks/pll/digital/rtl/pll_prescaler.v:25$185'.
  created $adff cell `$procdff$295' with positive edge clock and positive level reset.
Creating register for signal `\pll_prescaler.\pre_q2' using process `\pll_prescaler.$proc$/home/ihsan/.cc/worktrees/ece298a/pll/blocks/pll/digital/rtl/pll_prescaler.v:21$182'.
  created $adff cell `$procdff$300' with positive edge clock and positive level reset.
Creating register for signal `\pll_prescaler.\pre_q1' using process `\pll_prescaler.$proc$/home/ihsan/.cc/worktrees/ece298a/pll/blocks/pll/digital/rtl/pll_prescaler.v:17$179'.
  created $adff cell `$procdff$305' with positive edge clock and positive level reset.
Creating register for signal `\pll_prescaler.\pre_q0' using process `\pll_prescaler.$proc$/home/ihsan/.cc/worktrees/ece298a/pll/blocks/pll/digital/rtl/pll_prescaler.v:13$176'.
  created $adff cell `$procdff$310' with positive edge clock and positive level reset.
Creating register for signal `\pll_divider.\fb_en' using process `\pll_divider.$proc$/home/ihsan/.cc/worktrees/ece298a/pll/blocks/pll/digital/rtl/pll_divider.v:27$173'.
  created $adff cell `$procdff$315' with negative edge clock and positive level reset.
Creating register for signal `\pll_divider.\div_cnt' using process `\pll_divider.$proc$/home/ihsan/.cc/worktrees/ece298a/pll/blocks/pll/digital/rtl/pll_divider.v:22$170'.
  created $adff cell `$procdff$320' with positive edge clock and positive level reset.
Creating register for signal `\pll_pfd.\pfd_fb_q' using process `\pll_pfd.$proc$/home/ihsan/.cc/worktrees/ece298a/pll/blocks/pll/digital/rtl/pll_pfd.v:33$163'.
  created $adff cell `$procdff$323' with positive edge clock and positive level reset.
Creating register for signal `\pll_pfd.\pfd_ref_q' using process `\pll_pfd.$proc$/home/ihsan/.cc/worktrees/ece298a/pll/blocks/pll/digital/rtl/pll_pfd.v:29$162'.
  created $adff cell `$procdff$326' with positive edge clock and positive level reset.
Creating register for signal `\pll_lock_det.\lock' using process `\pll_lock_det.$proc$/home/ihsan/.cc/worktrees/ece298a/pll/blocks/pll/digital/rtl/pll_lock_det.v:28$156'.
  created $adff cell `$procdff$331' with positive edge clock and positive level reset.
Creating register for signal `\pll_lock_det.\lock_cnt' using process `\pll_lock_det.$proc$/home/ihsan/.cc/worktrees/ece298a/pll/blocks/pll/digital/rtl/pll_lock_det.v:28$156'.
  created $adff cell `$procdff$336' with positive edge clock and positive level reset.
Creating register for signal `\pll_lock_det.\wide_q' using process `\pll_lock_det.$proc$/home/ihsan/.cc/worktrees/ece298a/pll/blocks/pll/digital/rtl/pll_lock_det.v:24$153'.
  created $adff cell `$procdff$341' with negative edge clock and positive level reset.
Creating register for signal `\pll_ctrl_regs.\pll_en' using process `\pll_ctrl_regs.$proc$/home/ihsan/.cc/worktrees/ece298a/pll/blocks/pll/digital/rtl/pll_ctrl_regs.v:12$147'.
  created $adff cell `$procdff$346' with positive edge clock and positive level reset.
Creating register for signal `\pll_ctrl_regs.\cp_trim0' using process `\pll_ctrl_regs.$proc$/home/ihsan/.cc/worktrees/ece298a/pll/blocks/pll/digital/rtl/pll_ctrl_regs.v:12$147'.
  created $adff cell `$procdff$351' with positive edge clock and positive level reset.
Creating register for signal `\pll_ctrl_regs.\cp_trim1' using process `\pll_ctrl_regs.$proc$/home/ihsan/.cc/worktrees/ece298a/pll/blocks/pll/digital/rtl/pll_ctrl_regs.v:12$147'.
  created $adff cell `$procdff$356' with positive edge clock and positive level reset.
Creating register for signal `\ihsan_sa_pll_formal.$past$/home/ihsan/.cc/worktrees/ece298a/pll/blocks/pll/digital/formal/ihsan_sa_pll_formal.sv:138$6$0' using process `\ihsan_sa_pll_formal.$proc$/home/ihsan/.cc/worktrees/ece298a/pll/blocks/pll/digital/formal/ihsan_sa_pll_formal.sv:134$106'.
  created $ff cell `$procdff$357' with global clock.
Creating register for signal `\ihsan_sa_pll_formal.$past$/home/ihsan/.cc/worktrees/ece298a/pll/blocks/pll/digital/formal/ihsan_sa_pll_formal.sv:143$7$0' using process `\ihsan_sa_pll_formal.$proc$/home/ihsan/.cc/worktrees/ece298a/pll/blocks/pll/digital/formal/ihsan_sa_pll_formal.sv:134$106'.
  created $ff cell `$procdff$358' with global clock.
Creating register for signal `\ihsan_sa_pll_formal.$past$/home/ihsan/.cc/worktrees/ece298a/pll/blocks/pll/digital/formal/ihsan_sa_pll_formal.sv:143$8$0' using process `\ihsan_sa_pll_formal.$proc$/home/ihsan/.cc/worktrees/ece298a/pll/blocks/pll/digital/formal/ihsan_sa_pll_formal.sv:134$106'.
  created $ff cell `$procdff$359' with global clock.
Creating register for signal `\ihsan_sa_pll_formal.$past$/home/ihsan/.cc/worktrees/ece298a/pll/blocks/pll/digital/formal/ihsan_sa_pll_formal.sv:106$1$0' using process `\ihsan_sa_pll_formal.$proc$/home/ihsan/.cc/worktrees/ece298a/pll/blocks/pll/digital/formal/ihsan_sa_pll_formal.sv:94$43'.
  created $ff cell `$procdff$360' with global clock.
Creating register for signal `\ihsan_sa_pll_formal.$past$/home/ihsan/.cc/worktrees/ece298a/pll/blocks/pll/digital/formal/ihsan_sa_pll_formal.sv:112$2$0' using process `\ihsan_sa_pll_formal.$proc$/home/ihsan/.cc/worktrees/ece298a/pll/blocks/pll/digital/formal/ihsan_sa_pll_formal.sv:94$43'.
  created $ff cell `$procdff$361' with global clock.
Creating register for signal `\ihsan_sa_pll_formal.$past$/home/ihsan/.cc/worktrees/ece298a/pll/blocks/pll/digital/formal/ihsan_sa_pll_formal.sv:122$3$0' using process `\ihsan_sa_pll_formal.$proc$/home/ihsan/.cc/worktrees/ece298a/pll/blocks/pll/digital/formal/ihsan_sa_pll_formal.sv:94$43'.
  created $ff cell `$procdff$362' with global clock.
Creating register for signal `\ihsan_sa_pll_formal.$past$/home/ihsan/.cc/worktrees/ece298a/pll/blocks/pll/digital/formal/ihsan_sa_pll_formal.sv:123$4$0' using process `\ihsan_sa_pll_formal.$proc$/home/ihsan/.cc/worktrees/ece298a/pll/blocks/pll/digital/formal/ihsan_sa_pll_formal.sv:94$43'.
  created $ff cell `$procdff$363' with global clock.
Creating register for signal `\ihsan_sa_pll_formal.$past$/home/ihsan/.cc/worktrees/ece298a/pll/blocks/pll/digital/formal/ihsan_sa_pll_formal.sv:123$5$0' using process `\ihsan_sa_pll_formal.$proc$/home/ihsan/.cc/worktrees/ece298a/pll/blocks/pll/digital/formal/ihsan_sa_pll_formal.sv:94$43'.
  created $ff cell `$procdff$364' with global clock.
Creating register for signal `\ihsan_sa_pll_formal.\vco_cnt' using process `\ihsan_sa_pll_formal.$proc$/home/ihsan/.cc/worktrees/ece298a/pll/blocks/pll/digital/formal/ihsan_sa_pll_formal.sv:67$30'.
  created $ff cell `$procdff$365' with global clock.
Creating register for signal `\ihsan_sa_pll_formal.\pre_seen' using process `\ihsan_sa_pll_formal.$proc$/home/ihsan/.cc/worktrees/ece298a/pll/blocks/pll/digital/formal/ihsan_sa_pll_formal.sv:67$30'.
  created $ff cell `$procdff$366' with global clock.
Creating register for signal `\ihsan_sa_pll_formal.\pre_ok' using process `\ihsan_sa_pll_formal.$proc$/home/ihsan/.cc/worktrees/ece298a/pll/blocks/pll/digital/formal/ihsan_sa_pll_formal.sv:67$30'.
  created $ff cell `$procdff$367' with global clock.
Creating register for signal `\ihsan_sa_pll_formal.\pre_cnt' using process `\ihsan_sa_pll_formal.$proc$/home/ihsan/.cc/worktrees/ece298a/pll/blocks/pll/digital/formal/ihsan_sa_pll_formal.sv:67$30'.
  created $ff cell `$procdff$368' with global clock.
Creating register for signal `\ihsan_sa_pll_formal.\fb_seen' using process `\ihsan_sa_pll_formal.$proc$/home/ihsan/.cc/worktrees/ece298a/pll/blocks/pll/digital/formal/ihsan_sa_pll_formal.sv:67$30'.
  created $ff cell `$procdff$369' with global clock.
Creating register for signal `\ihsan_sa_pll_formal.\fb_ok' using process `\ihsan_sa_pll_formal.$proc$/home/ihsan/.cc/worktrees/ece298a/pll/blocks/pll/digital/formal/ihsan_sa_pll_formal.sv:67$30'.
  created $ff cell `$procdff$370' with global clock.
Creating register for signal `\ihsan_sa_pll_formal.\n_last' using process `\ihsan_sa_pll_formal.$proc$/home/ihsan/.cc/worktrees/ece298a/pll/blocks/pll/digital/formal/ihsan_sa_pll_formal.sv:67$30'.
  created $ff cell `$procdff$371' with global clock.
Creating register for signal `\ihsan_sa_pll_formal.\wide_s' using process `\ihsan_sa_pll_formal.$proc$/home/ihsan/.cc/worktrees/ece298a/pll/blocks/pll/digital/formal/ihsan_sa_pll_formal.sv:67$30'.
  created $ff cell `$procdff$372' with global clock.
Creating register for signal `\ihsan_sa_pll_formal.\hist' using process `\ihsan_sa_pll_formal.$proc$/home/ihsan/.cc/worktrees/ece298a/pll/blocks/pll/digital/formal/ihsan_sa_pll_formal.sv:67$30'.
  created $ff cell `$procdff$373' with global clock.
Creating register for signal `\ihsan_sa_pll_formal.\hist_q' using process `\ihsan_sa_pll_formal.$proc$/home/ihsan/.cc/worktrees/ece298a/pll/blocks/pll/digital/formal/ihsan_sa_pll_formal.sv:67$30'.
  created $ff cell `$procdff$374' with global clock.
Creating register for signal `\ihsan_sa_pll_formal.\vco_q' using process `\ihsan_sa_pll_formal.$proc$/home/ihsan/.cc/worktrees/ece298a/pll/blocks/pll/digital/formal/ihsan_sa_pll_formal.sv:58$14'.
  created $ff cell `$procdff$375' with global clock.
Creating register for signal `\ihsan_sa_pll_formal.\prep_q' using process `\ihsan_sa_pll_formal.$proc$/home/ihsan/.cc/worktrees/ece298a/pll/blocks/pll/digital/formal/ihsan_sa_pll_formal.sv:58$14'.
  created $ff cell `$procdff$376' with global clock.
Creating register for signal `\ihsan_sa_pll_formal.\fb_q' using process `\ihsan_sa_pll_formal.$proc$/home/ihsan/.cc/worktrees/ece298a/pll/blocks/pll/digital/formal/ihsan_sa_pll_formal.sv:58$14'.
  created $ff cell `$procdff$377' with global clock.
Creating register for signal `\ihsan_sa_pll_formal.\clk_q' using process `\ihsan_sa_pll_formal.$proc$/home/ihsan/.cc/worktrees/ece298a/pll/blocks/pll/digital/formal/ihsan_sa_pll_formal.sv:58$14'.
  created $ff cell `$procdff$378' with global clock.
Creating register for signal `\ihsan_sa_pll_formal.\past_valid' using process `\ihsan_sa_pll_formal.$proc$/home/ihsan/.cc/worktrees/ece298a/pll/blocks/pll/digital/formal/ihsan_sa_pll_formal.sv:34$9'.
  created $ff cell `$procdff$379' with global clock.

8.3.10. Executing PROC_MEMWR pass (convert process memory writes to cells).

8.3.11. Executing PROC_CLEAN pass (remove empty switches from decision trees).
Removing empty process `pll_prescaler.$proc$/home/ihsan/.cc/worktrees/ece298a/pll/blocks/pll/digital/rtl/pll_prescaler.v:25$185'.
Removing empty process `pll_prescaler.$proc$/home/ihsan/.cc/worktrees/ece298a/pll/blocks/pll/digital/rtl/pll_prescaler.v:21$182'.
Removing empty process `pll_prescaler.$proc$/home/ihsan/.cc/worktrees/ece298a/pll/blocks/pll/digital/rtl/pll_prescaler.v:17$179'.
Removing empty process `pll_prescaler.$proc$/home/ihsan/.cc/worktrees/ece298a/pll/blocks/pll/digital/rtl/pll_prescaler.v:13$176'.
Removing empty process `pll_divider.$proc$/home/ihsan/.cc/worktrees/ece298a/pll/blocks/pll/digital/rtl/pll_divider.v:27$173'.
Found and cleaned up 1 empty switch in `\pll_divider.$proc$/home/ihsan/.cc/worktrees/ece298a/pll/blocks/pll/digital/rtl/pll_divider.v:22$170'.
Removing empty process `pll_divider.$proc$/home/ihsan/.cc/worktrees/ece298a/pll/blocks/pll/digital/rtl/pll_divider.v:22$170'.
Removing empty process `pll_pfd.$proc$/home/ihsan/.cc/worktrees/ece298a/pll/blocks/pll/digital/rtl/pll_pfd.v:33$163'.
Removing empty process `pll_pfd.$proc$/home/ihsan/.cc/worktrees/ece298a/pll/blocks/pll/digital/rtl/pll_pfd.v:29$162'.
Removing empty process `pll_lock_det.$proc$/home/ihsan/.cc/worktrees/ece298a/pll/blocks/pll/digital/rtl/pll_lock_det.v:28$156'.
Removing empty process `pll_lock_det.$proc$/home/ihsan/.cc/worktrees/ece298a/pll/blocks/pll/digital/rtl/pll_lock_det.v:24$153'.
Removing empty process `pll_ctrl_regs.$proc$/home/ihsan/.cc/worktrees/ece298a/pll/blocks/pll/digital/rtl/pll_ctrl_regs.v:12$147'.
Removing empty process `ihsan_sa_pll_formal.$proc$/home/ihsan/.cc/worktrees/ece298a/pll/blocks/pll/digital/formal/ihsan_sa_pll_formal.sv:57$145'.
Removing empty process `ihsan_sa_pll_formal.$proc$/home/ihsan/.cc/worktrees/ece298a/pll/blocks/pll/digital/formal/ihsan_sa_pll_formal.sv:57$144'.
Removing empty process `ihsan_sa_pll_formal.$proc$/home/ihsan/.cc/worktrees/ece298a/pll/blocks/pll/digital/formal/ihsan_sa_pll_formal.sv:57$143'.
Removing empty process `ihsan_sa_pll_formal.$proc$/home/ihsan/.cc/worktrees/ece298a/pll/blocks/pll/digital/formal/ihsan_sa_pll_formal.sv:57$142'.
Removing empty process `ihsan_sa_pll_formal.$proc$/home/ihsan/.cc/worktrees/ece298a/pll/blocks/pll/digital/formal/ihsan_sa_pll_formal.sv:55$141'.
Removing empty process `ihsan_sa_pll_formal.$proc$/home/ihsan/.cc/worktrees/ece298a/pll/blocks/pll/digital/formal/ihsan_sa_pll_formal.sv:54$140'.
Removing empty process `ihsan_sa_pll_formal.$proc$/home/ihsan/.cc/worktrees/ece298a/pll/blocks/pll/digital/formal/ihsan_sa_pll_formal.sv:53$139'.
Removing empty process `ihsan_sa_pll_formal.$proc$/home/ihsan/.cc/worktrees/ece298a/pll/blocks/pll/digital/formal/ihsan_sa_pll_formal.sv:51$138'.
Removing empty process `ihsan_sa_pll_formal.$proc$/home/ihsan/.cc/worktrees/ece298a/pll/blocks/pll/digital/formal/ihsan_sa_pll_formal.sv:50$137'.
Removing empty process `ihsan_sa_pll_formal.$proc$/home/ihsan/.cc/worktrees/ece298a/pll/blocks/pll/digital/formal/ihsan_sa_pll_formal.sv:49$136'.
Removing empty process `ihsan_sa_pll_formal.$proc$/home/ihsan/.cc/worktrees/ece298a/pll/blocks/pll/digital/formal/ihsan_sa_pll_formal.sv:48$135'.
Removing empty process `ihsan_sa_pll_formal.$proc$/home/ihsan/.cc/worktrees/ece298a/pll/blocks/pll/digital/formal/ihsan_sa_pll_formal.sv:46$134'.
Removing empty process `ihsan_sa_pll_formal.$proc$/home/ihsan/.cc/worktrees/ece298a/pll/blocks/pll/digital/formal/ihsan_sa_pll_formal.sv:45$133'.
Removing empty process `ihsan_sa_pll_formal.$proc$/home/ihsan/.cc/worktrees/ece298a/pll/blocks/pll/digital/formal/ihsan_sa_pll_formal.sv:44$132'.
Removing empty process `ihsan_sa_pll_formal.$proc$/home/ihsan/.cc/worktrees/ece298a/pll/blocks/pll/digital/formal/ihsan_sa_pll_formal.sv:33$131'.
Found and cleaned up 1 empty switch in `\ihsan_sa_pll_formal.$proc$/home/ihsan/.cc/worktrees/ece298a/pll/blocks/pll/digital/formal/ihsan_sa_pll_formal.sv:134$106'.
Removing empty process `ihsan_sa_pll_formal.$proc$/home/ihsan/.cc/worktrees/ece298a/pll/blocks/pll/digital/formal/ihsan_sa_pll_formal.sv:134$106'.
Found and cleaned up 6 empty switches in `\ihsan_sa_pll_formal.$proc$/home/ihsan/.cc/worktrees/ece298a/pll/blocks/pll/digital/formal/ihsan_sa_pll_formal.sv:94$43'.
Removing empty process `ihsan_sa_pll_formal.$proc$/home/ihsan/.cc/worktrees/ece298a/pll/blocks/pll/digital/formal/ihsan_sa_pll_formal.sv:94$43'.
Found and cleaned up 9 empty switches in `\ihsan_sa_pll_formal.$proc$/home/ihsan/.cc/worktrees/ece298a/pll/blocks/pll/digital/formal/ihsan_sa_pll_formal.sv:67$30'.
Removing empty process `ihsan_sa_pll_formal.$proc$/home/ihsan/.cc/worktrees/ece298a/pll/blocks/pll/digital/formal/ihsan_sa_pll_formal.sv:67$30'.
Removing empty process `ihsan_sa_pll_formal.$proc$/home/ihsan/.cc/worktrees/ece298a/pll/blocks/pll/digital/formal/ihsan_sa_pll_formal.sv:58$14'.
Removing empty process `ihsan_sa_pll_formal.$proc$/home/ihsan/.cc/worktrees/ece298a/pll/blocks/pll/digital/formal/ihsan_sa_pll_formal.sv:34$9'.
Cleaned up 17 empty switches.

8.3.12. Executing OPT_EXPR pass (perform const folding).
Optimizing module pll_prescaler.
<suppressed ~8 debug messages>
Optimizing module pll_divider.
<suppressed ~4 debug messages>
Optimizing module pll_pfd.
<suppressed ~2 debug messages>
Optimizing module pll_lock_det.
<suppressed ~6 debug messages>
Optimizing module pll_ctrl_regs.
<suppressed ~6 debug messages>
Optimizing module ihsan_sa_pll.
Optimizing module ihsan_sa_pll_formal.
<suppressed ~13 debug messages>

8.4. Executing FUTURE pass.

8.5. Executing OPT_EXPR pass (perform const folding).
Optimizing module pll_prescaler.
Optimizing module pll_divider.
Optimizing module pll_pfd.
Optimizing module pll_lock_det.
Optimizing module pll_ctrl_regs.
Optimizing module ihsan_sa_pll.
Optimizing module ihsan_sa_pll_formal.

8.6. Executing OPT_CLEAN pass (remove unused cells and wires).
Finding unused cells or wires in module \pll_prescaler..
Finding unused cells or wires in module \pll_divider..
Finding unused cells or wires in module \pll_pfd..
Finding unused cells or wires in module \pll_lock_det..
Finding unused cells or wires in module \pll_ctrl_regs..
Finding unused cells or wires in module \ihsan_sa_pll..
Finding unused cells or wires in module \ihsan_sa_pll_formal..
Removed 23 unused cells and 160 unused wires.
<suppressed ~30 debug messages>

8.7. Executing CHECK pass (checking for obvious problems).
Checking module pll_prescaler...
Checking module pll_divider...
Checking module pll_pfd...
Warning: found logic loop in module pll_pfd:
    cell $procdff$323 ($adff) source: /home/ihsan/.cc/worktrees/ece298a/pll/blocks/pll/digital/rtl/pll_pfd.v:33.3-35.35
      ARST[0] --> Q[0]
    wire \pfd_fb_q source: /home/ihsan/.cc/worktrees/ece298a/pll/blocks/pll/digital/rtl/pll_pfd.v:15.19-15.27
    cell $and$/home/ihsan/.cc/worktrees/ece298a/pll/blocks/pll/digital/rtl/pll_pfd.v:16$159 ($and) source: /home/ihsan/.cc/worktrees/ece298a/pll/blocks/pll/digital/rtl/pll_pfd.v:16.19-16.39
      B[0] --> Y[0]
    wire \pfd_rst source: /home/ihsan/.cc/worktrees/ece298a/pll/blocks/pll/digital/rtl/pll_pfd.v:18.19-18.26
    cell $or$/home/ihsan/.cc/worktrees/ece298a/pll/blocks/pll/digital/rtl/pll_pfd.v:19$161 ($or) source: /home/ihsan/.cc/worktrees/ece298a/pll/blocks/pll/digital/rtl/pll_pfd.v:19.18-19.34
      B[0] --> Y[0]
    wire \pfd_clr source: /home/ihsan/.cc/worktrees/ece298a/pll/blocks/pll/digital/rtl/pll_pfd.v:19.8-19.15
Warning: found logic loop in module pll_pfd:
    cell $and$/home/ihsan/.cc/worktrees/ece298a/pll/blocks/pll/digital/rtl/pll_pfd.v:16$159 ($and) source: /home/ihsan/.cc/worktrees/ece298a/pll/blocks/pll/digital/rtl/pll_pfd.v:16.19-16.39
      A[0] --> Y[0]
    wire \pfd_rst source: /home/ihsan/.cc/worktrees/ece298a/pll/blocks/pll/digital/rtl/pll_pfd.v:18.19-18.26
    cell $or$/home/ihsan/.cc/worktrees/ece298a/pll/blocks/pll/digital/rtl/pll_pfd.v:19$161 ($or) source: /home/ihsan/.cc/worktrees/ece298a/pll/blocks/pll/digital/rtl/pll_pfd.v:19.18-19.34
      B[0] --> Y[0]
    wire \pfd_clr source: /home/ihsan/.cc/worktrees/ece298a/pll/blocks/pll/digital/rtl/pll_pfd.v:19.8-19.15
    cell $procdff$326 ($adff) source: /home/ihsan/.cc/worktrees/ece298a/pll/blocks/pll/digital/rtl/pll_pfd.v:29.3-31.36
      ARST[0] --> Q[0]
    wire \pfd_ref_q source: /home/ihsan/.cc/worktrees/ece298a/pll/blocks/pll/digital/rtl/pll_pfd.v:15.8-15.17
Checking module pll_lock_det...
Checking module pll_ctrl_regs...
Checking module ihsan_sa_pll...
Checking module ihsan_sa_pll_formal...
Found and reported 2 problems.

8.8. Executing OPT pass (performing simple optimizations).

8.8.1. Executing OPT_EXPR pass (perform const folding).
Optimizing module pll_prescaler.
Optimizing module pll_divider.
Optimizing module pll_pfd.
Optimizing module pll_lock_det.
Optimizing module pll_ctrl_regs.
Optimizing module ihsan_sa_pll.
Optimizing module ihsan_sa_pll_formal.

8.8.2. Executing OPT_MERGE pass (detect identical cells).
Finding identical cells in module `\pll_prescaler'.
Computing hashes of 8 cells of `\pll_prescaler'.
Finding duplicate cells in `\pll_prescaler'.
Finding identical cells in module `\pll_divider'.
Computing hashes of 11 cells of `\pll_divider'.
Finding duplicate cells in `\pll_divider'.
Finding identical cells in module `\pll_pfd'.
Computing hashes of 5 cells of `\pll_pfd'.
Finding duplicate cells in `\pll_pfd'.
Finding identical cells in module `\pll_lock_det'.
Computing hashes of 9 cells of `\pll_lock_det'.
Finding duplicate cells in `\pll_lock_det'.
Finding identical cells in module `\pll_ctrl_regs'.
Computing hashes of 3 cells of `\pll_ctrl_regs'.
Finding duplicate cells in `\pll_ctrl_regs'.
Finding identical cells in module `\ihsan_sa_pll'.
Computing hashes of 6 cells of `\ihsan_sa_pll'.
Finding duplicate cells in `\ihsan_sa_pll'.
Finding identical cells in module `\ihsan_sa_pll_formal'.
Computing hashes of 187 cells of `\ihsan_sa_pll_formal'.
Finding duplicate cells in `\ihsan_sa_pll_formal'.
Computing hashes of 176 cells of `\ihsan_sa_pll_formal'.
Finding duplicate cells in `\ihsan_sa_pll_formal'.
Computing hashes of 174 cells of `\ihsan_sa_pll_formal'.
Finding duplicate cells in `\ihsan_sa_pll_formal'.
<suppressed ~39 debug messages>
Removed a total of 13 cells.

8.8.3. Executing OPT_MUXTREE pass (detect dead branches in mux trees).
Running muxtree optimizer on module \pll_prescaler..
  Creating internal representation of mux trees.
  No muxes found in this module.
Running muxtree optimizer on module \pll_divider..
  Creating internal representation of mux trees.
  Evaluating internal representation of mux trees.
  Analyzing evaluation results.
Running muxtree optimizer on module \pll_pfd..
  Creating internal representation of mux trees.
  No muxes found in this module.
Running muxtree optimizer on module \pll_lock_det..
  Creating internal representation of mux trees.
  Evaluating internal representation of mux trees.
  Analyzing evaluation results.
Running muxtree optimizer on module \pll_ctrl_regs..
  Creating internal representation of mux trees.
  No muxes found in this module.
Running muxtree optimizer on module \ihsan_sa_pll..
  Creating internal representation of mux trees.
  Evaluating internal representation of mux trees.
  Analyzing evaluation results.
Running muxtree optimizer on module \ihsan_sa_pll_formal..
  Creating internal representation of mux trees.
  Evaluating internal representation of mux trees.
  Analyzing evaluation results.
Removed 0 multiplexer ports.
<suppressed ~76 debug messages>

8.8.4. Executing OPT_REDUCE pass (consolidate $*mux and $reduce_* inputs).
  Optimizing cells in module \pll_prescaler.
  Optimizing cells in module \pll_divider.
  Optimizing cells in module \pll_pfd.
  Optimizing cells in module \pll_lock_det.
  Optimizing cells in module \pll_ctrl_regs.
  Optimizing cells in module \ihsan_sa_pll.
  Optimizing cells in module \ihsan_sa_pll_formal.
Performed a total of 0 changes.

8.8.5. Executing OPT_MERGE pass (detect identical cells).
Finding identical cells in module `\pll_prescaler'.
Computing hashes of 8 cells of `\pll_prescaler'.
Finding duplicate cells in `\pll_prescaler'.
Finding identical cells in module `\pll_divider'.
Computing hashes of 11 cells of `\pll_divider'.
Finding duplicate cells in `\pll_divider'.
Finding identical cells in module `\pll_pfd'.
Computing hashes of 5 cells of `\pll_pfd'.
Finding duplicate cells in `\pll_pfd'.
Finding identical cells in module `\pll_lock_det'.
Computing hashes of 9 cells of `\pll_lock_det'.
Finding duplicate cells in `\pll_lock_det'.
Finding identical cells in module `\pll_ctrl_regs'.
Computing hashes of 3 cells of `\pll_ctrl_regs'.
Finding duplicate cells in `\pll_ctrl_regs'.
Finding identical cells in module `\ihsan_sa_pll'.
Computing hashes of 6 cells of `\ihsan_sa_pll'.
Finding duplicate cells in `\ihsan_sa_pll'.
Finding identical cells in module `\ihsan_sa_pll_formal'.
Computing hashes of 174 cells of `\ihsan_sa_pll_formal'.
Finding duplicate cells in `\ihsan_sa_pll_formal'.
Computing hashes of 167 cells of `\ihsan_sa_pll_formal'.
Finding duplicate cells in `\ihsan_sa_pll_formal'.
<suppressed ~21 debug messages>
Removed a total of 7 cells.

8.8.6. Executing OPT_CLEAN pass (remove unused cells and wires).
Finding unused cells or wires in module \pll_prescaler..
Finding unused cells or wires in module \pll_divider..
Finding unused cells or wires in module \pll_pfd..
Finding unused cells or wires in module \pll_lock_det..
Finding unused cells or wires in module \pll_ctrl_regs..
Finding unused cells or wires in module \ihsan_sa_pll..
Finding unused cells or wires in module \ihsan_sa_pll_formal..
Removed 0 unused cells and 13 unused wires.
<suppressed ~1 debug messages>

8.8.7. Executing OPT_EXPR pass (perform const folding).
Optimizing module pll_prescaler.
Optimizing module pll_divider.
Optimizing module pll_pfd.
Optimizing module pll_lock_det.
Optimizing module pll_ctrl_regs.
Optimizing module ihsan_sa_pll.
Optimizing module ihsan_sa_pll_formal.

8.8.8. Rerunning OPT passes. (Maybe there is more to do..)

8.8.9. Executing OPT_MUXTREE pass (detect dead branches in mux trees).
Running muxtree optimizer on module \pll_prescaler..
  Creating internal representation of mux trees.
  No muxes found in this module.
Running muxtree optimizer on module \pll_divider..
  Creating internal representation of mux trees.
  Evaluating internal representation of mux trees.
  Analyzing evaluation results.
Running muxtree optimizer on module \pll_pfd..
  Creating internal representation of mux trees.
  No muxes found in this module.
Running muxtree optimizer on module \pll_lock_det..
  Creating internal representation of mux trees.
  Evaluating internal representation of mux trees.
  Analyzing evaluation results.
Running muxtree optimizer on module \pll_ctrl_regs..
  Creating internal representation of mux trees.
  No muxes found in this module.
Running muxtree optimizer on module \ihsan_sa_pll..
  Creating internal representation of mux trees.
  Evaluating internal representation of mux trees.
  Analyzing evaluation results.
Running muxtree optimizer on module \ihsan_sa_pll_formal..
  Creating internal representation of mux trees.
  Evaluating internal representation of mux trees.
  Analyzing evaluation results.
Removed 0 multiplexer ports.
<suppressed ~62 debug messages>

8.8.10. Executing OPT_REDUCE pass (consolidate $*mux and $reduce_* inputs).
  Optimizing cells in module \pll_prescaler.
  Optimizing cells in module \pll_divider.
  Optimizing cells in module \pll_pfd.
  Optimizing cells in module \pll_lock_det.
  Optimizing cells in module \pll_ctrl_regs.
  Optimizing cells in module \ihsan_sa_pll.
  Optimizing cells in module \ihsan_sa_pll_formal.
Performed a total of 0 changes.

8.8.11. Executing OPT_MERGE pass (detect identical cells).
Finding identical cells in module `\pll_prescaler'.
Computing hashes of 8 cells of `\pll_prescaler'.
Finding duplicate cells in `\pll_prescaler'.
Finding identical cells in module `\pll_divider'.
Computing hashes of 11 cells of `\pll_divider'.
Finding duplicate cells in `\pll_divider'.
Finding identical cells in module `\pll_pfd'.
Computing hashes of 5 cells of `\pll_pfd'.
Finding duplicate cells in `\pll_pfd'.
Finding identical cells in module `\pll_lock_det'.
Computing hashes of 9 cells of `\pll_lock_det'.
Finding duplicate cells in `\pll_lock_det'.
Finding identical cells in module `\pll_ctrl_regs'.
Computing hashes of 3 cells of `\pll_ctrl_regs'.
Finding duplicate cells in `\pll_ctrl_regs'.
Finding identical cells in module `\ihsan_sa_pll'.
Computing hashes of 6 cells of `\ihsan_sa_pll'.
Finding duplicate cells in `\ihsan_sa_pll'.
Finding identical cells in module `\ihsan_sa_pll_formal'.
Computing hashes of 167 cells of `\ihsan_sa_pll_formal'.
Finding duplicate cells in `\ihsan_sa_pll_formal'.
Removed a total of 0 cells.

8.8.12. Executing OPT_CLEAN pass (remove unused cells and wires).
Finding unused cells or wires in module \pll_prescaler..
Finding unused cells or wires in module \pll_divider..
Finding unused cells or wires in module \pll_pfd..
Finding unused cells or wires in module \pll_lock_det..
Finding unused cells or wires in module \pll_ctrl_regs..
Finding unused cells or wires in module \ihsan_sa_pll..
Finding unused cells or wires in module \ihsan_sa_pll_formal..

8.8.13. Executing OPT_EXPR pass (perform const folding).
Optimizing module pll_prescaler.
Optimizing module pll_divider.
Optimizing module pll_pfd.
Optimizing module pll_lock_det.
Optimizing module pll_ctrl_regs.
Optimizing module ihsan_sa_pll.
Optimizing module ihsan_sa_pll_formal.

8.8.14. Finished fast OPT passes. (There is nothing left to do.)

8.9. Executing WREDUCE pass (reducing word size of cells).
Removed top 2 bits (of 3) from port B of cell pll_divider.$ge$/home/ihsan/.cc/worktrees/ece298a/pll/blocks/pll/digital/rtl/pll_divider.v:17$164 ($ge).
Removed top 2 bits (of 3) from port B of cell pll_divider.$sub$/home/ihsan/.cc/worktrees/ece298a/pll/blocks/pll/digital/rtl/pll_divider.v:18$167 ($sub).
Removed top 2 bits (of 3) from port B of cell pll_divider.$add$/home/ihsan/.cc/worktrees/ece298a/pll/blocks/pll/digital/rtl/pll_divider.v:25$172 ($add).
Removed top 4 bits (of 5) from port B of cell pll_lock_det.$add$/home/ihsan/.cc/worktrees/ece298a/pll/blocks/pll/digital/rtl/pll_lock_det.v:22$150 ($add).
Removed top 2 bits (of 3) from port B of cell ihsan_sa_pll_formal.$ge$/home/ihsan/.cc/worktrees/ece298a/pll/blocks/pll/digital/formal/ihsan_sa_pll_formal.sv:41$10 ($ge).
Removed top 3 bits (of 4) from port B of cell ihsan_sa_pll_formal.$add$/home/ihsan/.cc/worktrees/ece298a/pll/blocks/pll/digital/formal/ihsan_sa_pll_formal.sv:77$35 ($add).
Removed top 3 bits (of 4) from port B of cell ihsan_sa_pll_formal.$add$/home/ihsan/.cc/worktrees/ece298a/pll/blocks/pll/digital/formal/ihsan_sa_pll_formal.sv:83$39 ($add).
Removed top 1 bits (of 5) from port A of cell ihsan_sa_pll_formal.$add$/home/ihsan/.cc/worktrees/ece298a/pll/blocks/pll/digital/formal/ihsan_sa_pll_formal.sv:113$82 ($add).
Removed top 4 bits (of 5) from port B of cell ihsan_sa_pll_formal.$add$/home/ihsan/.cc/worktrees/ece298a/pll/blocks/pll/digital/formal/ihsan_sa_pll_formal.sv:113$82 ($add).
Removed top 2 bits (of 5) from port B of cell ihsan_sa_pll_formal.$le$/home/ihsan/.cc/worktrees/ece298a/pll/blocks/pll/digital/formal/ihsan_sa_pll_formal.sv:113$83 ($le).
Removed top 3 bits (of 4) from port B of cell ihsan_sa_pll_formal.$add$/home/ihsan/.cc/worktrees/ece298a/pll/blocks/pll/digital/formal/ihsan_sa_pll_formal.sv:115$87 ($add).
Removed top 1 bits (of 4) from port B of cell ihsan_sa_pll_formal.$eq$/home/ihsan/.cc/worktrees/ece298a/pll/blocks/pll/digital/formal/ihsan_sa_pll_formal.sv:115$88 ($eq).

8.10. Executing OPT_CLEAN pass (remove unused cells and wires).
Finding unused cells or wires in module \pll_prescaler..
Finding unused cells or wires in module \pll_divider..
Finding unused cells or wires in module \pll_pfd..
Finding unused cells or wires in module \pll_lock_det..
Finding unused cells or wires in module \pll_ctrl_regs..
Finding unused cells or wires in module \ihsan_sa_pll..
Finding unused cells or wires in module \ihsan_sa_pll_formal..

8.11. Executing MEMORY_COLLECT pass (generating $mem cells).

8.12. Executing OPT pass (performing simple optimizations).

8.12.1. Executing OPT_EXPR pass (perform const folding).
Optimizing module pll_prescaler.
Optimizing module pll_divider.
Optimizing module pll_pfd.
Optimizing module pll_lock_det.
Optimizing module pll_ctrl_regs.
Optimizing module ihsan_sa_pll.
Optimizing module ihsan_sa_pll_formal.

8.12.2. Executing OPT_MERGE pass (detect identical cells).
Finding identical cells in module `\pll_prescaler'.
Computing hashes of 8 cells of `\pll_prescaler'.
Finding duplicate cells in `\pll_prescaler'.
Finding identical cells in module `\pll_divider'.
Computing hashes of 11 cells of `\pll_divider'.
Finding duplicate cells in `\pll_divider'.
Finding identical cells in module `\pll_pfd'.
Computing hashes of 5 cells of `\pll_pfd'.
Finding duplicate cells in `\pll_pfd'.
Finding identical cells in module `\pll_lock_det'.
Computing hashes of 9 cells of `\pll_lock_det'.
Finding duplicate cells in `\pll_lock_det'.
Finding identical cells in module `\pll_ctrl_regs'.
Computing hashes of 3 cells of `\pll_ctrl_regs'.
Finding duplicate cells in `\pll_ctrl_regs'.
Finding identical cells in module `\ihsan_sa_pll'.
Computing hashes of 6 cells of `\ihsan_sa_pll'.
Finding duplicate cells in `\ihsan_sa_pll'.
Finding identical cells in module `\ihsan_sa_pll_formal'.
Computing hashes of 167 cells of `\ihsan_sa_pll_formal'.
Finding duplicate cells in `\ihsan_sa_pll_formal'.
Removed a total of 0 cells.

8.12.3. Executing OPT_CLEAN pass (remove unused cells and wires).
Finding unused cells or wires in module \pll_prescaler..
Finding unused cells or wires in module \pll_divider..
Finding unused cells or wires in module \pll_pfd..
Finding unused cells or wires in module \pll_lock_det..
Finding unused cells or wires in module \pll_ctrl_regs..
Finding unused cells or wires in module \ihsan_sa_pll..
Finding unused cells or wires in module \ihsan_sa_pll_formal..

8.12.4. Finished fast OPT passes.

8.13. Executing SORT pass.

8.14. Printing statistics.

=== ihsan_sa_pll ===

        +----------Local Count, excluding submodules.
        | 
       17 wires
       20 wire bits
       17 public wires
       20 public wire bits
       15 ports
       18 port bits
        1 cells
        1   $mux
        5 submodules
        1   pll_ctrl_regs
        1   pll_divider
        1   pll_lock_det
        1   pll_pfd
        1   pll_prescaler

=== ihsan_sa_pll_formal ===

        +----------Local Count, excluding submodules.
        | 
      175 wires
      283 wire bits
       51 public wires
       94 public wire bits
       15 ports
       18 port bits
      166 cells
        4   $add
       14   $check
        4   $eq
       23   $ff
        1   $ge
        3   $le
       47   $logic_and
       22   $logic_not
        8   $logic_or
       36   $mux
        3   $ne
        1   $or
        1 submodules
        1   ihsan_sa_pll

=== pll_ctrl_regs ===

        +----------Local Count, excluding submodules.
        | 
        7 wires
        8 wire bits
        7 public wires
        8 public wire bits
        7 ports
        8 port bits
        3 cells
        3   $adff

=== pll_divider ===

        +----------Local Count, excluding submodules.
        | 
       14 wires
       26 wire bits
        9 public wires
       15 public wire bits
        4 ports
        6 port bits
       11 cells
        1   $add
        2   $adff
        1   $and
        2   $ge
        1   $le
        1   $logic_and
        2   $mux
        1   $sub

=== pll_lock_det ===

        +----------Local Count, excluding submodules.
        | 
       13 wires
       29 wire bits
        8 public wires
       16 public wire bits
        5 ports
        5 port bits
        9 cells
        1   $add
        3   $adff
        2   $eq
        2   $mux
        1   $or

=== pll_pfd ===

        +----------Local Count, excluding submodules.
        | 
       12 wires
       12 wire bits
       11 public wires
       11 public wire bits
        5 ports
        5 port bits
        5 cells
        2   $adff
        1   $and
        1   $not
        1   $or

=== pll_prescaler ===

        +----------Local Count, excluding submodules.
        | 
       12 wires
       12 wire bits
        8 public wires
        8 public wire bits
        4 ports
        4 port bits
        8 cells
        4   $adff
        4   $not

=== design hierarchy ===

        +----------Count including submodules.
        | 
      203 ihsan_sa_pll_formal
        1 ihsan_sa_pll
        3   pll_ctrl_regs
       11   pll_divider
        9   pll_lock_det
        5   pll_pfd
        8   pll_prescaler

        +----------Count including submodules.
        | 
      250 wires
      390 wire bits
      111 public wires
      172 public wire bits
       55 ports
       64 port bits
        - memories
        - memory bits
        - processes
      203 cells
        6   $add
       14   $adff
        2   $and
       14   $check
        6   $eq
       23   $ff
        3   $ge
        4   $le
       48   $logic_and
       22   $logic_not
        8   $logic_or
       41   $mux
        3   $ne
        5   $not
        3   $or
        1   $sub
        1 submodules
        1   ihsan_sa_pll

8.15. Executing CHECK pass (checking for obvious problems).
Checking module ihsan_sa_pll...
Checking module ihsan_sa_pll_formal...
Checking module pll_ctrl_regs...
Checking module pll_divider...
Checking module pll_lock_det...
Checking module pll_pfd...
Warning: found logic loop in module pll_pfd:
    cell $procdff$323 ($adff) source: /home/ihsan/.cc/worktrees/ece298a/pll/blocks/pll/digital/rtl/pll_pfd.v:33.3-35.35
      ARST[0] --> Q[0]
    wire \pfd_fb_q source: /home/ihsan/.cc/worktrees/ece298a/pll/blocks/pll/digital/rtl/pll_pfd.v:15.19-15.27
    cell $and$/home/ihsan/.cc/worktrees/ece298a/pll/blocks/pll/digital/rtl/pll_pfd.v:16$159 ($and) source: /home/ihsan/.cc/worktrees/ece298a/pll/blocks/pll/digital/rtl/pll_pfd.v:16.19-16.39
      B[0] --> Y[0]
    wire \pfd_rst source: /home/ihsan/.cc/worktrees/ece298a/pll/blocks/pll/digital/rtl/pll_pfd.v:18.19-18.26
    cell $or$/home/ihsan/.cc/worktrees/ece298a/pll/blocks/pll/digital/rtl/pll_pfd.v:19$161 ($or) source: /home/ihsan/.cc/worktrees/ece298a/pll/blocks/pll/digital/rtl/pll_pfd.v:19.18-19.34
      B[0] --> Y[0]
    wire \pfd_clr source: /home/ihsan/.cc/worktrees/ece298a/pll/blocks/pll/digital/rtl/pll_pfd.v:19.8-19.15
Warning: found logic loop in module pll_pfd:
    cell $and$/home/ihsan/.cc/worktrees/ece298a/pll/blocks/pll/digital/rtl/pll_pfd.v:16$159 ($and) source: /home/ihsan/.cc/worktrees/ece298a/pll/blocks/pll/digital/rtl/pll_pfd.v:16.19-16.39
      A[0] --> Y[0]
    wire \pfd_rst source: /home/ihsan/.cc/worktrees/ece298a/pll/blocks/pll/digital/rtl/pll_pfd.v:18.19-18.26
    cell $or$/home/ihsan/.cc/worktrees/ece298a/pll/blocks/pll/digital/rtl/pll_pfd.v:19$161 ($or) source: /home/ihsan/.cc/worktrees/ece298a/pll/blocks/pll/digital/rtl/pll_pfd.v:19.18-19.34
      B[0] --> Y[0]
    wire \pfd_clr source: /home/ihsan/.cc/worktrees/ece298a/pll/blocks/pll/digital/rtl/pll_pfd.v:19.8-19.15
    cell $procdff$326 ($adff) source: /home/ihsan/.cc/worktrees/ece298a/pll/blocks/pll/digital/rtl/pll_pfd.v:29.3-31.36
      ARST[0] --> Q[0]
    wire \pfd_ref_q source: /home/ihsan/.cc/worktrees/ece298a/pll/blocks/pll/digital/rtl/pll_pfd.v:15.8-15.17
Checking module pll_prescaler...
Found and reported 2 problems.

9. Executing HIERARCHY pass (managing design hierarchy).
Attribute `top' found on module `ihsan_sa_pll_formal'. Setting top module to ihsan_sa_pll_formal.

9.1. Analyzing design hierarchy..
Top module:  \ihsan_sa_pll_formal
Used module:     \ihsan_sa_pll
Used module:         \pll_ctrl_regs
Used module:         \pll_divider
Used module:         \pll_lock_det
Used module:         \pll_pfd
Used module:         \pll_prescaler

9.2. Analyzing design hierarchy..
Top module:  \ihsan_sa_pll_formal
Used module:     \ihsan_sa_pll
Used module:         \pll_ctrl_regs
Used module:         \pll_divider
Used module:         \pll_lock_det
Used module:         \pll_pfd
Used module:         \pll_prescaler
Removed 0 unused modules.
Module ihsan_sa_pll_formal directly or indirectly contains formal properties -> setting "keep" attribute.

10. Executing jny backend.

11. Executing RTLIL backend.
Output filename: ../model/design.il

Warnings: 2 unique messages, 4 total
End of script. Logfile hash: d4422930d7, time: 0.56s, user: 0.07s, system: 0.03s, MEM: 30.86 MB peak
Yosys 0.69 (git sha1 9f75ca1f9, Release, GNU /usr/bin/c++ 13.3.0)
Time spent: 23% 5x opt_clean (0 sec), 14% 2x hierarchy (0 sec), ...
