
 /----------------------------------------------------------------------------\
 |  yosys -- Yosys Open SYnthesis Suite                                       |
 |  Copyright (C) 2012 - 2026  Claire Xenia Wolf <claire@yosyshq.com>         |
 |  Distributed under an ISC-like license, type "license" to see terms        |
 \----------------------------------------------------------------------------/
 Yosys 0.69 (git sha1 9f75ca1f9, Release, GNU /usr/bin/c++ 13.3.0)

-- Executing script file `design_smt2.ys' --

1. Executing RTLIL frontend.
Input filename: design_prep.il

2. Executing HIERARCHY pass (managing design hierarchy).
Attribute `top' found on module `ihsan_sa_pll_formal'. Setting top module to ihsan_sa_pll_formal.

2.1. Analyzing design hierarchy..
Top module:  \ihsan_sa_pll_formal
Used module:     \ihsan_sa_pll
Used module:         \pll_ctrl_regs
Used module:         \pll_divider
Used module:         \pll_lock_det
Used module:         \pll_pfd
Used module:         \pll_prescaler

2.2. Analyzing design hierarchy..
Top module:  \ihsan_sa_pll_formal
Used module:     \ihsan_sa_pll
Used module:         \pll_ctrl_regs
Used module:         \pll_divider
Used module:         \pll_lock_det
Used module:         \pll_pfd
Used module:         \pll_prescaler
Removed 0 unused modules.
Module ihsan_sa_pll_formal directly or indirectly contains formal properties -> setting "keep" attribute.

3. Executing FORMALFF pass.

4. Executing DFFUNMAP pass (unmap clock enable and synchronous reset from FFs).

5. Printing statistics.

=== ihsan_sa_pll ===

        +----------Local Count, excluding submodules.
        | 
       17 wires
       20 wire bits
       17 public wires
       20 public wire bits
       15 ports
       18 port bits
        1 cells
        1   $mux
        5 submodules
        1   pll_ctrl_regs
        1   pll_divider
        1   pll_lock_det
        1   pll_pfd
        1   pll_prescaler

=== ihsan_sa_pll_formal ===

        +----------Local Count, excluding submodules.
        | 
      149 wires
      257 wire bits
       48 public wires
       91 public wire bits
       15 ports
       18 port bits
      139 cells
        4   $add
        5   $anyinit
        6   $assert
        3   $eq
       15   $ff
        1   $ge
        3   $le
       34   $logic_and
       21   $logic_not
        8   $logic_or
       35   $mux
        3   $ne
        1   $or
        1 submodules
        1   ihsan_sa_pll

=== pll_ctrl_regs ===

        +----------Local Count, excluding submodules.
        | 
       23 wires
       24 wire bits
        7 public wires
        8 public wire bits
        7 ports
        8 port bits
       19 cells
        3   $anyinit
        1   $eqx
        5   $ff
        9   $mux
        1   $not

=== pll_divider ===

        +----------Local Count, excluding submodules.
        | 
       28 wires
       48 wire bits
        9 public wires
       15 public wire bits
        4 ports
        6 port bits
       25 cells
        1   $add
        1   $and
        2   $anyinit
        2   $eqx
        5   $ff
        2   $ge
        1   $le
        1   $logic_and
        8   $mux
        1   $not
        1   $sub

=== pll_lock_det ===

        +----------Local Count, excluding submodules.
        | 
       31 wires
       63 wire bits
        8 public wires
       16 public wire bits
        5 ports
        5 port bits
       27 cells
        1   $add
        3   $anyinit
        2   $eq
        2   $eqx
        6   $ff
       11   $mux
        1   $not
        1   $or

=== pll_pfd ===

        +----------Local Count, excluding submodules.
        | 
       24 wires
       24 wire bits
       11 public wires
       11 public wire bits
        5 ports
        5 port bits
       17 cells
        1   $and
        2   $anyinit
        2   $eqx
        4   $ff
        6   $mux
        1   $not
        1   $or

=== pll_prescaler ===

        +----------Local Count, excluding submodules.
        | 
       38 wires
       38 wire bits
        8 public wires
        8 public wire bits
        4 ports
        4 port bits
       34 cells
        4   $anyinit
        4   $eqx
        9   $ff
       12   $mux
        5   $not

=== design hierarchy ===

        +----------Count including submodules.
        | 
      262 ihsan_sa_pll_formal
        1 ihsan_sa_pll
       19   pll_ctrl_regs
       25   pll_divider
       27   pll_lock_det
       17   pll_pfd
       34   pll_prescaler

        +----------Count including submodules.
        | 
      310 wires
      474 wire bits
      108 public wires
      169 public wire bits
       55 ports
       64 port bits
        - memories
        - memory bits
        - processes
      262 cells
        6   $add
        2   $and
       19   $anyinit
        6   $assert
        5   $eq
       11   $eqx
       44   $ff
        3   $ge
        4   $le
       35   $logic_and
       21   $logic_not
        8   $logic_or
       82   $mux
        3   $ne
        9   $not
        3   $or
        1   $sub
        1 submodules
        1   ihsan_sa_pll

6. Executing SMT2 backend.

6.1. Executing BMUXMAP pass.

6.2. Executing DEMUXMAP pass.
Creating SMT-LIBv2 representation of module pll_prescaler.
Creating SMT-LIBv2 representation of module pll_pfd.
ERROR: Found logic loop in module pll_pfd! See cell $and$/home/ihsan/.cc/worktrees/ece298a/pll/blocks/pll/digital/rtl/pll_pfd.v:16$159.
