Warning: can't find the initialization file spinit.
Note: Starting dynamic gmin stepping
Note: Dynamic gmin stepping completed
Note: Starting dynamic gmin stepping
Note: Dynamic gmin stepping completed

Note: No compatibility mode selected!


Circuit: * pll_analog_cp_tb.cir - charge-pump dc bench (spec.yaml: icp_up_code00_ua,

Doing analysis at TEMP = 27.000000 and TNOM = 27.000000

Using SPARSE 1.3 as Direct Linear Solver

No. of Data Rows : 1
Doing analysis at TEMP = 27.000000 and TNOM = 27.000000

Using SPARSE 1.3 as Direct Linear Solver

No. of Data Rows : 1
Doing analysis at TEMP = 27.000000 and TNOM = 27.000000

Using SPARSE 1.3 as Direct Linear Solver
 Reference value :  0.00000e+00Note: Starting dynamic gmin stepping
Note: Dynamic gmin stepping completed

No. of Data Rows : 1
Doing analysis at TEMP = 27.000000 and TNOM = 27.000000

Using SPARSE 1.3 as Direct Linear Solver

No. of Data Rows : 1
Doing analysis at TEMP = 27.000000 and TNOM = 27.000000

Using SPARSE 1.3 as Direct Linear Solver

No. of Data Rows : 1
Doing analysis at TEMP = 27.000000 and TNOM = 27.000000

Using SPARSE 1.3 as Direct Linear Solver

No. of Data Rows : 49
Doing analysis at TEMP = 27.000000 and TNOM = 27.000000

Using SPARSE 1.3 as Direct Linear Solver
 Reference value :  3.00000e-01 Reference value :  2.04375e+00
No. of Data Rows : 49
Doing analysis at TEMP = 27.000000 and TNOM = 27.000000

Using SPARSE 1.3 as Direct Linear Solver

No. of Data Rows : 49

  Measurements for DC Analysis (pll_analog_cp_tb, computed in .control)
icp_up_code00_ua = 19.0145
icp_dn_code00_ua = 18.6602
icp_up_code00_tt_ua = 19.0145
icp_up_code01_ua = 23.6748
icp_up_code10_ua = 28.3222
icp_up_code11_ua = 37.5873
icp_code11_over_code00_ratio = 1.97677
cp_updn_mismatch_pct = 4.97552
vctrl_leak_off_na = 0.00276435

Note: Simulation executed from .control section 
