
 /----------------------------------------------------------------------------\
 |  yosys -- Yosys Open SYnthesis Suite                                       |
 |  Copyright (C) 2012 - 2026  Claire Xenia Wolf <claire@yosyshq.com>         |
 |  Distributed under an ISC-like license, type "license" to see terms        |
 \----------------------------------------------------------------------------/
 Yosys 0.69 (git sha1 9f75ca1f9, Release, GNU /usr/bin/c++ 13.3.0)

-- Executing script file `equiv.ys' --

1. Executing RTLIL frontend.
Input filename: /home/ihsan/.cc/worktrees/ece298a/pll/blocks/pll/digital/log/mutate/database/design.il

2. Executing HIERARCHY pass (managing design hierarchy).

2.1. Analyzing design hierarchy..
Top module:  \pll_lock_det

2.2. Analyzing design hierarchy..
Top module:  \pll_lock_det
Removing unused module `\pll_prescaler'.
Removing unused module `\pll_pfd'.
Removing unused module `\pll_divider'.
Removing unused module `\pll_ctrl_regs'.
Removing unused module `\ihsan_sa_pll'.
Removed 5 unused modules.

3. Executing FLATTEN pass (flatten design).
Renaming module pll_lock_det to ref.

4. Executing HIERARCHY pass (managing design hierarchy).

4.1. Analyzing design hierarchy..
Top module:  \ref

4.2. Analyzing design hierarchy..
Top module:  \ref
Removed 0 unused modules.

5. Executing MEMORY_MAP pass (converting memories to logic and flip-flops).

6. Executing JSON backend.

7. Executing RTLIL backend.
Output filename: ref.il

8. Executing ASYNC2SYNC pass.
Replacing ref.$procdff$76 ($adff): ARST=\rst_n, D=$eq$/home/ihsan/.cc/worktrees/ece298a/pll/blocks/pll/digital/rtl/pll_lock_det.v:34$25_Y, Q=\lock
Replacing ref.$procdff$81 ($adff): ARST=\rst_n, D=$ternary$/home/ihsan/.cc/worktrees/ece298a/pll/blocks/pll/digital/rtl/pll_lock_det.v:21$19_Y, Q=\lock_cnt
Replacing ref.$procdff$86 ($adff): ARST=\rst_n, D=$or$/home/ihsan/.cc/worktrees/ece298a/pll/blocks/pll/digital/rtl/pll_lock_det.v:26$22_Y, Q=\wide_q

9. Executing RTLIL frontend.
Input filename: /home/ihsan/.cc/worktrees/ece298a/pll/blocks/pll/digital/log/mutate/database/design.il

10. Executing HIERARCHY pass (managing design hierarchy).

10.1. Analyzing design hierarchy..
Top module:  \pll_lock_det

10.2. Analyzing design hierarchy..
Top module:  \pll_lock_det
Removing unused module `\pll_prescaler'.
Removing unused module `\pll_pfd'.
Removing unused module `\pll_divider'.
Removing unused module `\pll_ctrl_regs'.
Removing unused module `\ihsan_sa_pll'.
Removed 5 unused modules.

11. Executing MUTATE pass.
Add input constant 0 at pll_lock_det.$ternary$/home/ihsan/.cc/worktrees/ece298a/pll/blocks/pll/digital/rtl/pll_lock_det.v:22$18.B[0].

12. Executing FLATTEN pass (flatten design).
Renaming module pll_lock_det to uut.

13. Executing HIERARCHY pass (managing design hierarchy).

13.1. Analyzing design hierarchy..
Top module:  \uut

13.2. Analyzing design hierarchy..
Top module:  \uut
Removed 0 unused modules.

14. Executing MEMORY_MAP pass (converting memories to logic and flip-flops).

15. Executing JSON backend.

16. Executing RTLIL backend.
Output filename: uut.il

17. Executing ASYNC2SYNC pass.
Replacing uut.$procdff$76 ($adff): ARST=\rst_n, D=$eq$/home/ihsan/.cc/worktrees/ece298a/pll/blocks/pll/digital/rtl/pll_lock_det.v:34$25_Y, Q=\lock
Replacing uut.$procdff$81 ($adff): ARST=\rst_n, D=$ternary$/home/ihsan/.cc/worktrees/ece298a/pll/blocks/pll/digital/rtl/pll_lock_det.v:21$19_Y, Q=\lock_cnt
Replacing uut.$procdff$86 ($adff): ARST=\rst_n, D=$or$/home/ihsan/.cc/worktrees/ece298a/pll/blocks/pll/digital/rtl/pll_lock_det.v:26$22_Y, Q=\wide_q

18. Executing EQUIV_MAKE pass (creating equiv checking module).
Presumably equivalent wires: clk_gold (\clk_gold), clk_gate (\clk_gate) -> clk
Presumably equivalent wires: cnt_nxt_gold ($ternary$/home/ihsan/.cc/worktrees/ece298a/pll/blocks/pll/digital/rtl/pll_lock_det.v:21$19_Y_gold), cnt_nxt_gate ($ternary$/home/ihsan/.cc/worktrees/ece298a/pll/blocks/pll/digital/rtl/pll_lock_det.v:21$19_Y_gate) -> cnt_nxt
Presumably equivalent wires: lock_gold (\lock_gold), lock_gate (\lock_gate) -> lock
Presumably equivalent wires: lock_cnt_gold (\lock_cnt_gold), lock_cnt_gate (\lock_cnt_gate) -> lock_cnt
Presumably equivalent wires: pfd_dn_gold (\pfd_dn_gold), pfd_dn_gate (\pfd_dn_gate) -> pfd_dn
Presumably equivalent wires: pfd_up_gold (\pfd_up_gold), pfd_up_gate (\pfd_up_gate) -> pfd_up
Presumably equivalent wires: rst_n_gold (\rst_n_gold), rst_n_gate (\rst_n_gate) -> rst_n
Presumably equivalent wires: wide_q_gold (\wide_q_gold), wide_q_gate (\wide_q_gate) -> wide_q

19. Executing EQUIV_MAKE pass (creating equiv checking module).
Presumably equivalent wires: clk_gold (\clk_gold), clk_gate (\clk_gate) -> clk
Presumably equivalent wires: cnt_nxt_gold ($ternary$/home/ihsan/.cc/worktrees/ece298a/pll/blocks/pll/digital/rtl/pll_lock_det.v:21$19_Y_gold), cnt_nxt_gate ($ternary$/home/ihsan/.cc/worktrees/ece298a/pll/blocks/pll/digital/rtl/pll_lock_det.v:21$19_Y_gate) -> cnt_nxt
Presumably equivalent wires: lock_gold (\lock_gold), lock_gate (\lock_gate) -> lock
Presumably equivalent wires: lock_cnt_gold (\lock_cnt_gold), lock_cnt_gate (\lock_cnt_gate) -> lock_cnt
Presumably equivalent wires: pfd_dn_gold (\pfd_dn_gold), pfd_dn_gate (\pfd_dn_gate) -> pfd_dn
Presumably equivalent wires: pfd_up_gold (\pfd_up_gold), pfd_up_gate (\pfd_up_gate) -> pfd_up
Presumably equivalent wires: rst_n_gold (\rst_n_gold), rst_n_gate (\rst_n_gate) -> rst_n
Presumably equivalent wires: wide_q_gold (\wide_q_gold), wide_q_gate (\wide_q_gate) -> wide_q
Changing input A of cell $add$/home/ihsan/.cc/worktrees/ece298a/pll/blocks/pll/digital/rtl/pll_lock_det.v:22$17_gate ($add): \lock_cnt_gate -> \lock_cnt
Changing input A of cell $eq$/home/ihsan/.cc/worktrees/ece298a/pll/blocks/pll/digital/rtl/pll_lock_det.v:22$16_gate ($eq): \lock_cnt_gate -> \lock_cnt
Changing input S of cell $ternary$/home/ihsan/.cc/worktrees/ece298a/pll/blocks/pll/digital/rtl/pll_lock_det.v:21$19_gate ($mux): \wide_q_gate -> \wide_q
Changing input A of cell $add$/home/ihsan/.cc/worktrees/ece298a/pll/blocks/pll/digital/rtl/pll_lock_det.v:22$17_gold ($add): \lock_cnt_gold -> \lock_cnt
Changing input A of cell $eq$/home/ihsan/.cc/worktrees/ece298a/pll/blocks/pll/digital/rtl/pll_lock_det.v:22$16_gold ($eq): \lock_cnt_gold -> \lock_cnt
Changing input S of cell $ternary$/home/ihsan/.cc/worktrees/ece298a/pll/blocks/pll/digital/rtl/pll_lock_det.v:21$19_gold ($mux): \wide_q_gold -> \wide_q

20. Executing SAT pass (solving SAT problems in the circuit).
Using SAT solver `minisat`.

Setting up time step 1:
Final constraint equation: { } = { }
Imported 42 cells to SAT database.
Final init constraint equation: { $auto$async2sync.cc:253:execute$116_gold $auto$async2sync.cc:253:execute$112_gold $auto$async2sync.cc:253:execute$114_gold $auto$async2sync.cc:253:execute$122_gate $auto$async2sync.cc:253:execute$118_gate $auto$async2sync.cc:253:execute$120_gate } = 14'00000000000000
Import proof for assert: $auto$rtlil.cc:3307:Eqx$134 when 1'1.
Import proof for assert: $auto$rtlil.cc:3307:Eqx$131 when 1'1.
Import proof for assert: $auto$rtlil.cc:3307:Eqx$128 when 1'1.
Import proof for assert: $auto$rtlil.cc:3307:Eqx$125 when 1'1.

Setting up time step 2:
Final constraint equation: { } = { }
Imported 42 cells to SAT database.
Import proof for assert: $auto$rtlil.cc:3307:Eqx$134 when 1'1.
Import proof for assert: $auto$rtlil.cc:3307:Eqx$131 when 1'1.
Import proof for assert: $auto$rtlil.cc:3307:Eqx$128 when 1'1.
Import proof for assert: $auto$rtlil.cc:3307:Eqx$125 when 1'1.

Setting up time step 3:
Final constraint equation: { } = { }
Imported 42 cells to SAT database.
Import proof for assert: $auto$rtlil.cc:3307:Eqx$134 when 1'1.
Import proof for assert: $auto$rtlil.cc:3307:Eqx$131 when 1'1.
Import proof for assert: $auto$rtlil.cc:3307:Eqx$128 when 1'1.
Import proof for assert: $auto$rtlil.cc:3307:Eqx$125 when 1'1.

Setting up time step 4:
Final constraint equation: { } = { }
Imported 42 cells to SAT database.
Import proof for assert: $auto$rtlil.cc:3307:Eqx$134 when 1'1.
Import proof for assert: $auto$rtlil.cc:3307:Eqx$131 when 1'1.
Import proof for assert: $auto$rtlil.cc:3307:Eqx$128 when 1'1.
Import proof for assert: $auto$rtlil.cc:3307:Eqx$125 when 1'1.

Setting up time step 5:
Final constraint equation: { } = { }
Imported 42 cells to SAT database.
Import proof for assert: $auto$rtlil.cc:3307:Eqx$134 when 1'1.
Import proof for assert: $auto$rtlil.cc:3307:Eqx$131 when 1'1.
Import proof for assert: $auto$rtlil.cc:3307:Eqx$128 when 1'1.
Import proof for assert: $auto$rtlil.cc:3307:Eqx$125 when 1'1.

Setting up time step 6:
Final constraint equation: { } = { }
Imported 42 cells to SAT database.
Import proof for assert: $auto$rtlil.cc:3307:Eqx$134 when 1'1.
Import proof for assert: $auto$rtlil.cc:3307:Eqx$131 when 1'1.
Import proof for assert: $auto$rtlil.cc:3307:Eqx$128 when 1'1.
Import proof for assert: $auto$rtlil.cc:3307:Eqx$125 when 1'1.

Setting up time step 7:
Final constraint equation: { } = { }
Imported 42 cells to SAT database.
Import proof for assert: $auto$rtlil.cc:3307:Eqx$134 when 1'1.
Import proof for assert: $auto$rtlil.cc:3307:Eqx$131 when 1'1.
Import proof for assert: $auto$rtlil.cc:3307:Eqx$128 when 1'1.
Import proof for assert: $auto$rtlil.cc:3307:Eqx$125 when 1'1.

Setting up time step 8:
Final constraint equation: { } = { }
Imported 42 cells to SAT database.
Import proof for assert: $auto$rtlil.cc:3307:Eqx$134 when 1'1.
Import proof for assert: $auto$rtlil.cc:3307:Eqx$131 when 1'1.
Import proof for assert: $auto$rtlil.cc:3307:Eqx$128 when 1'1.
Import proof for assert: $auto$rtlil.cc:3307:Eqx$125 when 1'1.

Solving problem with 4281 variables and 11694 clauses..
SAT proof finished - no model found: SUCCESS!

                  /$$$$$$      /$$$$$$$$     /$$$$$$$    
                 /$$__  $$    | $$_____/    | $$__  $$   
                | $$  \ $$    | $$          | $$  \ $$   
                | $$  | $$    | $$$$$       | $$  | $$   
                | $$  | $$    | $$__/       | $$  | $$   
                | $$/$$ $$    | $$          | $$  | $$   
                |  $$$$$$/ /$$| $$$$$$$$ /$$| $$$$$$$//$$
                 \____ $$$|__/|________/|__/|_______/|__/
                       \__/                              

21. Executing EQUIV_INDUCT pass.
Found 12 unproven $equiv cells in module equiv:
  Proving existence of base case for step 1. (1229 clauses over 469 variables)
  Proving induction step 1. (2681 clauses over 1007 variables)
  Proof for induction step holds. Entire workset of 12 cells proven!
Proved 12 previously unproven $equiv cells.

22. Executing EQUIV_STATUS pass.
Found 12 $equiv cells in equiv:
  Of those cells 12 are proven and 0 are unproven.
  Equivalence successfully proven!

End of script. Logfile hash: 662f9c3856, time: 0.23s, user: 0.06s, system: 0.02s, MEM: 31.54 MB peak
Yosys 0.69 (git sha1 9f75ca1f9, Release, GNU /usr/bin/c++ 13.3.0)
Time spent: 74% 1x sat (0 sec), 13% 1x equiv_induct (0 sec), ...
