
Note: No compatibility mode selected!


Circuit: * pll_analog_startup_tb.cir - enable-to-running bench (spec.yaml:

Doing analysis at TEMP = 27.000000 and TNOM = 27.000000

Using SPARSE 1.3 as Direct Linear Solver

Initial Transient Solution
--------------------------

Node                                   Voltage
----                                   -------
vdd                                        3.3
vss                                          0
pll_en                                       0
pfd_up                                       0
pfd_dn                                       0
cp_trim0                                     0
cp_trim1                                     0
vfeed                                      0.3
vctrl                                 0.300003
bias_ref                           3.68048e-10
vco_out                            1.57575e-09
xdut.en_b                                  3.3
xdut.vbp                                   3.3
xdut.va                              5.399e-09
xdut.vref                          5.23255e-10
xdut.xrbias_top.11                 5.23048e-10
xdut.xrbias_top.21                 3.68255e-10
xdut.xrbias_int.11                 3.67841e-10
xdut.xrbias_int.21                  2.0674e-13
xdut.vst                           4.85588e-09
xdut.vcp_n                         3.07484e-08
xdut.t1a                               0.60866
xdut.t2                                1.06868
xdut.t1b                               1.20194
xdut.t1c                             0.0397847
xdut.vcp_p                                 3.3
xdut.up_s                             0.918365
xdut.up_b                                  3.3
xdut.vdump                            0.379889
xdut.dn_s                             0.379889
xdut.dn_b                                  3.3
xdut.vbt                               1.20297
xdut.vbl                              0.147511
xdut.vnt                              0.248717
xdut.vbh                               3.08802
xdut.xr1.11                           0.300003
xdut.xr1.21                           0.300003
xdut.vfilt                            0.300003
xdut.vi                               0.111356
xdut.vs                               0.109778
xdut.xr_v2i.11                        0.109778
xdut.xr_v2i.21                        0.109778
xdut.vcl                              0.109778
xdut.vbp_vco                               3.3
xdut.vbn_vco                       6.38847e-09
xdut.p1                                 1.9396
xdut.r1                                1.51388
xdut.r5                                1.51388
xdut.n1                                1.27556
xdut.p2                                 1.9396
xdut.r2                                1.51388
xdut.n2                                1.27556
xdut.p3                                 1.9396
xdut.r3                                1.51388
xdut.n3                                1.27556
xdut.p4                                 1.9396
xdut.r4                                1.51388
xdut.n4                                1.27556
xdut.p5                                 1.9396
xdut.n5                                1.27556
xdut.nb                                    3.3
xdut.ng                                 1.3169
vvc#branch                         2.82632e-12
vt1#branch                                   0
vt0#branch                                   0
vdn#branch                                   0
vup#branch                                   0
ven#branch                                   0
vss_src#branch                      1.8594e-10
vdd_src#branch                    -1.88766e-10

 Reference value :  2.10560e-08
 Reference value :  7.44560e-08
 Reference value :  1.26056e-07
 Reference value :  1.76456e-07
 Reference value :  2.12920e-07
 Reference value :  2.39873e-07
 Reference value :  2.65154e-07
 Reference value :  2.93417e-07
 Reference value :  3.31013e-07
 Reference value :  3.70991e-07
 Reference value :  4.15149e-07
 Reference value :  4.66302e-07
 Reference value :  4.73302e-07
 Reference value :  4.79302e-07
 Reference value :  4.85102e-07
 Reference value :  5.05295e-07
 Reference value :  5.10495e-07
 Reference value :  5.14495e-07
 Reference value :  5.19695e-07
 Reference value :  5.30495e-07
 Reference value :  5.41031e-07
 Reference value :  5.54631e-07
 Reference value :  5.62031e-07
 Reference value :  5.82267e-07
 Reference value :  6.42252e-07
 Reference value :  6.93330e-07
 Reference value :  7.07930e-07
 Reference value :  7.16922e-07
 Reference value :  7.27722e-07
 Reference value :  7.38922e-07
 Reference value :  7.49322e-07
 Reference value :  7.61122e-07
 Reference value :  8.00804e-07
 Reference value :  8.21791e-07
 Reference value :  8.32191e-07
 Reference value :  8.43191e-07
 Reference value :  8.53791e-07
 Reference value :  8.64301e-07
 Reference value :  8.72125e-07
 Reference value :  8.82725e-07
 Reference value :  9.08725e-07
 Reference value :  9.68354e-07
 Reference value :  1.01251e-06
 Reference value :  1.06585e-06
 Reference value :  1.07585e-06
 Reference value :  1.08665e-06
 Reference value :  1.10445e-06
 Reference value :  1.10923e-06
 Reference value :  1.13523e-06
 Reference value :  1.15203e-06
 Reference value :  1.17354e-06
 Reference value :  1.21354e-06
 Reference value :  1.22254e-06
 Reference value :  1.23354e-06
 Reference value :  1.24134e-06
 Reference value :  1.25194e-06
 Reference value :  1.25934e-06
 Reference value :  1.26585e-06
 Reference value :  1.29745e-06
 Reference value :  1.33161e-06
 Reference value :  1.38613e-06
 Reference value :  1.42213e-06
 Reference value :  1.48312e-06
 Reference value :  1.54668e-06
 Reference value :  1.59323e-06
 Reference value :  1.65627e-06
 Reference value :  1.68807e-06
 Reference value :  1.70267e-06
 Reference value :  1.71327e-06
 Reference value :  1.75414e-06
 Reference value :  1.81909e-06
 Reference value :  1.86594e-06
 Reference value :  1.90834e-06
 Reference value :  1.95237e-06
 Reference value :  2.00236e-06
 Reference value :  2.05765e-06
 Reference value :  2.12205e-06
 Reference value :  2.18876e-06
 Reference value :  2.25691e-06
 Reference value :  2.35578e-06
 Reference value :  2.42096e-06
 Reference value :  2.42596e-06
 Reference value :  2.43176e-06
 Reference value :  2.43716e-06
 Reference value :  2.44600e-06
 Reference value :  2.45520e-06
 Reference value :  2.46580e-06
 Reference value :  2.47720e-06
 Reference value :  2.48920e-06
 Reference value :  2.50019e-06
 Reference value :  2.50899e-06
 Reference value :  2.51959e-06
 Reference value :  2.58095e-06
 Reference value :  2.64075e-06
 Reference value :  2.70602e-06
 Reference value :  2.76863e-06
 Reference value :  2.82842e-06
 Reference value :  2.86487e-06
 Reference value :  2.90046e-06
 Reference value :  2.94626e-06
 Reference value :  3.00545e-06
 Reference value :  3.03765e-06
 Reference value :  3.06083e-06
 Reference value :  3.10181e-06
 Reference value :  3.11021e-06
 Reference value :  3.16648e-06
No. of Data Rows : 16105
Note: Simulation executed from .control section 
Warning: can't find the initialization file spinit.
Note: Starting dynamic gmin stepping
Note: Dynamic gmin stepping completed
