     -.--ns INFO     gpi                                ../gpi/GpiCommon.cpp:242  in gpi_load_users                  Loaded entry library: '/home/ihsan/.cc/toolchains/iic-osic-tools-2026.09/usr/lib/x86_64-linux-gnu/libpython3.12.so.1.0'
     -.--ns INFO     gpi                                ../gpi/GpiCommon.cpp:233  in gpi_load_users                  Running entry func 'initialize' from loaded library '/home/ihsan/.cc/toolchains/iic-osic-tools-2026.09/usr/local/lib/python3.12/dist-packages/cocotb/simulator.cpython-312-x86_64-linux-gnu.so'
     -.--ns INFO     pygpi                              ..ib/pygpi/embed.cpp:114  in initialize                      Using Python 3.12.12 interpreter at /home/ihsan/.cc/toolchains/iic-osic-tools-2026.09/usr/bin/python3.12
     -.--ns INFO     gpi                                ../gpi/GpiCommon.cpp:74   in gpi_print_registered_impl       GPI: VPI support registered
     0.00ns INFO     cocotb.initialize                  Seeding Python random module with 1790489111
     0.00ns INFO     cocotb.initialize                  Initialized cocotb v2.1.0 from /home/ihsan/.cc/toolchains/iic-osic-tools-2026.09/usr/local/lib/python3.12/dist-packages/cocotb
     0.00ns INFO     cocotb.initialize                  Running on Verilator version 5.052 2026-09-05
     0.00ns INFO     cocotb.regression                  Running tests
     0.00ns INFO     cocotb.regression                  running test_pll.test_prescaler_div8 (1/14)
  4341.00ns INFO     cocotb.regression                  test_pll.test_prescaler_div8 passed
  4341.00ns INFO     cocotb.regression                  running test_pll.test_obs_sel (2/14)
 11743.00ns INFO     cocotb.regression                  test_pll.test_obs_sel passed
 11743.00ns INFO     cocotb.regression                  running test_pll.test_divider_ratio (3/14)
 26648.00ns INFO     cocotb.regression                  test_pll.test_divider_ratio passed
 26648.00ns INFO     cocotb.regression                  running test_pll.test_divider_illegal_codes (4/14)
 29831.00ns INFO     cocotb.regression                  test_pll.test_divider_illegal_codes passed
 29831.00ns INFO     cocotb.regression                  running test_pll.test_reset_release_clean (5/14)
 32679.00ns INFO     cocotb.regression                  test_pll.test_reset_release_clean passed
 32679.00ns INFO     cocotb.regression                  running test_pll.test_pfd_up_lead (6/14)
 36504.00ns INFO     cocotb.regression                  test_pll.test_pfd_up_lead passed
 36504.00ns INFO     cocotb.regression                  running test_pll.test_pfd_dn_lead (7/14)
 40329.01ns INFO     cocotb.regression                  test_pll.test_pfd_dn_lead passed
 40329.01ns INFO     cocotb.regression                  running test_pll.test_pfd_frequency (8/14)
 43901.01ns INFO     cocotb.regression                  test_pll.test_pfd_frequency passed
 43901.01ns INFO     cocotb.regression                  running test_pll.test_lock_assert (9/14)
 46575.91ns INFO     cocotb.regression                  test_pll.test_lock_assert passed
 46575.91ns INFO     cocotb.regression                  running test_pll.test_lock_deassert (10/14)
 50770.81ns INFO     cocotb.regression                  test_pll.test_lock_deassert passed
 50770.81ns INFO     cocotb.regression                  running test_pll.test_ctrl_regs (11/14)
 51387.81ns INFO     cocotb.regression                  test_pll.test_ctrl_regs passed
 51387.81ns INFO     cocotb.regression                  running test_pll.test_async_reset_outputs (12/14)
 53470.81ns INFO     cocotb.regression                  test_pll.test_async_reset_outputs passed
 53470.81ns INFO     cocotb.regression                  running test_pll.test_tt_tieoff (13/14)
 53551.81ns INFO     cocotb.regression                  test_pll.test_tt_tieoff passed
 53551.81ns INFO     cocotb.regression                  running test_pll.test_no_vctrl_bias_ua (14/14)
 53601.81ns ERROR    gpi                                Invalid Index - Index 3 is not in the range of [2:0]
 53601.81ns WARNING  gpi                                Failed to find a handle at index 3 via any registered implementation
 53601.81ns ERROR    gpi                                Invalid Index - Index 2 is not in the range of [1:0]
 53601.81ns WARNING  gpi                                Failed to find a handle at index 2 via any registered implementation
 53601.81ns ERROR    gpi                                Invalid Index - Index 2 is not in the range of [1:0]
 53601.81ns WARNING  gpi                                Failed to find a handle at index 2 via any registered implementation
 53601.81ns ERROR    gpi                                Invalid Index - Index 3 is not in the range of [2:0]
 53601.81ns WARNING  gpi                                Failed to find a handle at index 3 via any registered implementation
 53601.81ns ERROR    gpi                                Invalid Index - Index 3 is not in the range of [2:0]
 53601.81ns WARNING  gpi                                Failed to find a handle at index 3 via any registered implementation
 53601.81ns ERROR    gpi                                Invalid Index - Index 3 is not in the range of [2:0]
 53601.81ns WARNING  gpi                                Failed to find a handle at index 3 via any registered implementation
 53601.81ns WARNING  gpi                                Failed to find a handle at index 0 via any registered implementation
 53601.81ns ERROR    gpi                                Invalid Index - Index 5 is not in the range of [4:0]
 53601.81ns WARNING  gpi                                Failed to find a handle at index 5 via any registered implementation
 53601.81ns ERROR    gpi                                Invalid Index - Index 5 is not in the range of [4:0]
 53601.81ns WARNING  gpi                                Failed to find a handle at index 5 via any registered implementation
 53601.81ns INFO     cocotb.regression                  test_pll.test_no_vctrl_bias_ua passed
 53601.81ns INFO     cocotb.regression                  *********************************************************************************************
                                                        ** TEST                                 STATUS  SIM TIME (ns)  REAL TIME (s)  RATIO (ns/s) **
                                                        *********************************************************************************************
                                                        ** test_pll.test_prescaler_div8          PASS        4341.00           1.17       3711.17  **
                                                        ** test_pll.test_obs_sel                 PASS        7402.00           0.72      10273.42  **
                                                        ** test_pll.test_divider_ratio           PASS       14905.00           1.63       9123.20  **
                                                        ** test_pll.test_divider_illegal_codes   PASS        3183.00           0.12      27140.96  **
                                                        ** test_pll.test_reset_release_clean     PASS        2848.00           0.34       8481.34  **
                                                        ** test_pll.test_pfd_up_lead             PASS        3825.00           0.51       7443.95  **
                                                        ** test_pll.test_pfd_dn_lead             PASS        3825.00           0.39       9727.03  **
                                                        ** test_pll.test_pfd_frequency           PASS        3572.00           0.22      16503.28  **
                                                        ** test_pll.test_lock_assert             PASS        2674.90           0.16      16299.01  **
                                                        ** test_pll.test_lock_deassert           PASS        4194.90           0.21      19586.79  **
                                                        ** test_pll.test_ctrl_regs               PASS         617.00           0.00     574650.45  **
                                                        ** test_pll.test_async_reset_outputs     PASS        2083.00           0.02     131320.62  **
                                                        ** test_pll.test_tt_tieoff               PASS          81.00           0.00     204750.72  **
                                                        ** test_pll.test_no_vctrl_bias_ua        PASS          50.00           0.01       7352.95  **
                                                        *********************************************************************************************
                                                        ** TESTS=14 PASS=14 FAIL=0 SKIP=0                   53601.81           5.80       9234.22  **
                                                        *********************************************************************************************
- :0: Verilog $finish
